<html>
<body>
<pre>
<h1>µVision Build Log</h1>
<h2>Tool Versions:</h2>
IDE-Version: µVision V5.23.0.0
Copyright (C) 2017 ARM Ltd and ARM Germany GmbH. All rights reserved.
License Information: clark emerick, gk design, LIC=L96AT-RQ0A8-7HUQU-5N4PM-X9RMT-7NG3X
 
Tool Versions:
Toolchain:       MDK-ARM Cortex-M0/M0+ 256K for ST  Version: 5.23
Toolchain Path:  C:\Keil_v5\ARM\ARMCC\Bin
C Compiler:      Armcc.exe V5.06 update 4 (build 422)
Assembler:       Armasm.exe V5.06 update 4 (build 422)
Linker/Locator:  ArmLink.exe V5.06 update 4 (build 422)
Library Manager: ArmAr.exe V5.06 update 4 (build 422)
Hex Converter:   FromElf.exe V5.06 update 4 (build 422)
CPU DLL:         SARMCM3.DLL V5.23
Dialog DLL:      DARMCM1.DLL V1.17.0.0
Target DLL:      STLink\ST-LINKIII-KEIL_SWO.dll V2.0.18.0
Dialog DLL:      TARMCM1.DLL V1.12.0.0
 
<h2>Project:</h2>
C:\Users\clark\Documents\STM\Hybrid RTOS\HybridRTOS\MDK-ARM\HybridRTOS.uvprojx
Project File Date:  06/28/2017

<h2>Output:</h2>
*** Using Compiler 'V5.06 update 4 (build 422)', folder: 'C:\Keil_v5\ARM\ARMCC\Bin'
Rebuild target 'HybridRTOS'
compiling stm32f0xx_hal_flash_ex.c...
compiling stm32f0xx_hal_pwr.c...
compiling stm32f0xx_hal_rcc_ex.c...
compiling stm32f0xx_hal_gpio.c...
compiling stm32f0xx_hal_i2c_ex.c...
compiling stm32f0xx_hal_cortex.c...
compiling stm32f0xx_hal_pwr_ex.c...
compiling stm32f0xx_hal_i2c.c...
compiling stm32f0xx_hal_tim_ex.c...
compiling stm32f0xx_hal_rcc.c...
compiling stm32f0xx_hal_dma.c...
compiling stm32f0xx_hal_tim.c...
compiling stm32f0xx_hal_flash.c...
compiling stm32f0xx_hal.c...
compiling system_stm32f0xx.c...
compiling timers.c...
compiling croutine.c...
compiling event_groups.c...
compiling tasks.c...
compiling cmsis_os.c...
compiling port.c...
compiling list.c...
compiling queue.c...
compiling heap_4.c...
compiling stm32f0xx_hal_timebase_TIM.c...
compiling stm32f0xx_hal_msp.c...
compiling freertos.c...
compiling stm32f0xx_it.c...
compiling main.c...
compiling trcKernelPort.c...
assembling startup_stm32f091xc.s...
compiling trcStreamingRecorder.c...
compiling trcSnapshotRecorder.c...
linking...
Program Size: Code=16968 RO-data=2620 RW-data=268 ZI-data=20028  
".\HybridRTOS\HybridRTOS.axf" - 0 Error(s), 0 Warning(s).

<h2>Software Packages used:</h2>

Package Vendor: ARM
                http://www.keil.com/pack/ARM.CMSIS.5.0.1.pack
                ARM::CMSIS:CORE:5.0.1
                CMSIS (Cortex Microcontroller Software Interface Standard)
   * Component: CORE Version: 5.0.1

<h2>Collection of Component include folders:</h2>
  .\RTE\_HybridRTOS
  C:\Keil_v5\ARM\PACK\ARM\CMSIS\5.0.1\CMSIS\Include
  C:\Keil_v5\ARM\PACK\Keil\STM32F0xx_DFP\1.5.0\Device\Include

<h2>Collection of Component Files used:</h2>

   * Component: ARM::CMSIS:CORE:5.0.1
Build Time Elapsed:  00:00:30
</pre>
</body>
</html>
