Component: ARM Compiler 5.06 update 4 (build 422) Tool: armlink [4d35d2]

==============================================================================

Section Cross References

    stm32f0xx_hal_rcc_ex.o(i.HAL_RCCEx_CRSWaitSynchronization) refers to stm32f0xx_hal.o(i.HAL_GetTick) for HAL_GetTick
    stm32f0xx_hal_rcc_ex.o(i.HAL_RCCEx_CRS_IRQHandler) refers to stm32f0xx_hal_rcc_ex.o(i.HAL_RCCEx_CRS_SyncOkCallback) for HAL_RCCEx_CRS_SyncOkCallback
    stm32f0xx_hal_rcc_ex.o(i.HAL_RCCEx_CRS_IRQHandler) refers to stm32f0xx_hal_rcc_ex.o(i.HAL_RCCEx_CRS_SyncWarnCallback) for HAL_RCCEx_CRS_SyncWarnCallback
    stm32f0xx_hal_rcc_ex.o(i.HAL_RCCEx_CRS_IRQHandler) refers to stm32f0xx_hal_rcc_ex.o(i.HAL_RCCEx_CRS_ExpectedSyncCallback) for HAL_RCCEx_CRS_ExpectedSyncCallback
    stm32f0xx_hal_rcc_ex.o(i.HAL_RCCEx_CRS_IRQHandler) refers to stm32f0xx_hal_rcc_ex.o(i.HAL_RCCEx_CRS_ErrorCallback) for HAL_RCCEx_CRS_ErrorCallback
    stm32f0xx_hal_rcc_ex.o(i.HAL_RCCEx_GetPeriphCLKFreq) refers to stm32f0xx_hal_rcc.o(i.HAL_RCC_GetPCLK1Freq) for HAL_RCC_GetPCLK1Freq
    stm32f0xx_hal_rcc_ex.o(i.HAL_RCCEx_GetPeriphCLKFreq) refers to stm32f0xx_hal_rcc.o(i.HAL_RCC_GetSysClockFreq) for HAL_RCC_GetSysClockFreq
    stm32f0xx_hal_rcc_ex.o(i.HAL_RCCEx_PeriphCLKConfig) refers to stm32f0xx_hal.o(i.HAL_GetTick) for HAL_GetTick
    stm32f0xx_hal_flash_ex.o(i.FLASH_MassErase) refers to stm32f0xx_hal_flash.o(.bss) for pFlash
    stm32f0xx_hal_flash_ex.o(i.FLASH_OB_DisableWRP) refers to stm32f0xx_hal_flash.o(i.FLASH_WaitForLastOperation) for FLASH_WaitForLastOperation
    stm32f0xx_hal_flash_ex.o(i.FLASH_OB_DisableWRP) refers to stm32f0xx_hal_flash_ex.o(i.HAL_FLASHEx_OBErase) for HAL_FLASHEx_OBErase
    stm32f0xx_hal_flash_ex.o(i.FLASH_OB_DisableWRP) refers to stm32f0xx_hal_flash.o(.bss) for pFlash
    stm32f0xx_hal_flash_ex.o(i.FLASH_OB_EnableWRP) refers to stm32f0xx_hal_flash.o(i.FLASH_WaitForLastOperation) for FLASH_WaitForLastOperation
    stm32f0xx_hal_flash_ex.o(i.FLASH_OB_EnableWRP) refers to stm32f0xx_hal_flash_ex.o(i.HAL_FLASHEx_OBErase) for HAL_FLASHEx_OBErase
    stm32f0xx_hal_flash_ex.o(i.FLASH_OB_EnableWRP) refers to stm32f0xx_hal_flash.o(.bss) for pFlash
    stm32f0xx_hal_flash_ex.o(i.FLASH_OB_RDP_LevelConfig) refers to stm32f0xx_hal_flash.o(i.FLASH_WaitForLastOperation) for FLASH_WaitForLastOperation
    stm32f0xx_hal_flash_ex.o(i.FLASH_OB_RDP_LevelConfig) refers to stm32f0xx_hal_flash.o(.bss) for pFlash
    stm32f0xx_hal_flash_ex.o(i.FLASH_PageErase) refers to stm32f0xx_hal_flash.o(.bss) for pFlash
    stm32f0xx_hal_flash_ex.o(i.HAL_FLASHEx_Erase) refers to stm32f0xx_hal_flash.o(i.FLASH_WaitForLastOperation) for FLASH_WaitForLastOperation
    stm32f0xx_hal_flash_ex.o(i.HAL_FLASHEx_Erase) refers to stm32f0xx_hal_flash_ex.o(i.FLASH_MassErase) for FLASH_MassErase
    stm32f0xx_hal_flash_ex.o(i.HAL_FLASHEx_Erase) refers to stm32f0xx_hal_flash_ex.o(i.FLASH_PageErase) for FLASH_PageErase
    stm32f0xx_hal_flash_ex.o(i.HAL_FLASHEx_Erase) refers to stm32f0xx_hal_flash.o(.bss) for pFlash
    stm32f0xx_hal_flash_ex.o(i.HAL_FLASHEx_Erase_IT) refers to stm32f0xx_hal_flash_ex.o(i.FLASH_PageErase) for FLASH_PageErase
    stm32f0xx_hal_flash_ex.o(i.HAL_FLASHEx_Erase_IT) refers to stm32f0xx_hal_flash_ex.o(i.FLASH_MassErase) for FLASH_MassErase
    stm32f0xx_hal_flash_ex.o(i.HAL_FLASHEx_Erase_IT) refers to stm32f0xx_hal_flash.o(.bss) for pFlash
    stm32f0xx_hal_flash_ex.o(i.HAL_FLASHEx_OBErase) refers to stm32f0xx_hal_flash_ex.o(i.FLASH_OB_GetRDP) for FLASH_OB_GetRDP
    stm32f0xx_hal_flash_ex.o(i.HAL_FLASHEx_OBErase) refers to stm32f0xx_hal_flash.o(i.FLASH_WaitForLastOperation) for FLASH_WaitForLastOperation
    stm32f0xx_hal_flash_ex.o(i.HAL_FLASHEx_OBErase) refers to stm32f0xx_hal_flash_ex.o(i.FLASH_OB_RDP_LevelConfig) for FLASH_OB_RDP_LevelConfig
    stm32f0xx_hal_flash_ex.o(i.HAL_FLASHEx_OBErase) refers to stm32f0xx_hal_flash.o(.bss) for pFlash
    stm32f0xx_hal_flash_ex.o(i.HAL_FLASHEx_OBGetConfig) refers to stm32f0xx_hal_flash_ex.o(i.FLASH_OB_GetRDP) for FLASH_OB_GetRDP
    stm32f0xx_hal_flash_ex.o(i.HAL_FLASHEx_OBProgram) refers to stm32f0xx_hal_flash_ex.o(i.FLASH_OB_DisableWRP) for FLASH_OB_DisableWRP
    stm32f0xx_hal_flash_ex.o(i.HAL_FLASHEx_OBProgram) refers to stm32f0xx_hal_flash_ex.o(i.FLASH_OB_EnableWRP) for FLASH_OB_EnableWRP
    stm32f0xx_hal_flash_ex.o(i.HAL_FLASHEx_OBProgram) refers to stm32f0xx_hal_flash_ex.o(i.FLASH_OB_RDP_LevelConfig) for FLASH_OB_RDP_LevelConfig
    stm32f0xx_hal_flash_ex.o(i.HAL_FLASHEx_OBProgram) refers to stm32f0xx_hal_flash.o(i.FLASH_WaitForLastOperation) for FLASH_WaitForLastOperation
    stm32f0xx_hal_flash_ex.o(i.HAL_FLASHEx_OBProgram) refers to stm32f0xx_hal_flash.o(.bss) for pFlash
    stm32f0xx_hal_gpio.o(i.HAL_GPIO_EXTI_IRQHandler) refers to stm32f0xx_hal_gpio.o(i.HAL_GPIO_EXTI_Callback) for HAL_GPIO_EXTI_Callback
    stm32f0xx_hal_pwr_ex.o(i.HAL_PWREx_Vddio2Monitor_IRQHandler) refers to stm32f0xx_hal_pwr_ex.o(i.HAL_PWREx_Vddio2MonitorCallback) for HAL_PWREx_Vddio2MonitorCallback
[...]
    ../Middlewares/Third_Party/FreeRTOS/Source/CMSIS_RTOS/cmsis_os.c 0x00000000   Number         0  cmsis_os.o ABSOLUTE
    ../Middlewares/Third_Party/FreeRTOS/Source/croutine.c 0x00000000   Number         0  croutine.o ABSOLUTE
    ../Middlewares/Third_Party/FreeRTOS/Source/event_groups.c 0x00000000   Number         0  event_groups.o ABSOLUTE
    ../Middlewares/Third_Party/FreeRTOS/Source/list.c 0x00000000   Number         0  list.o ABSOLUTE
    ../Middlewares/Third_Party/FreeRTOS/Source/portable/MemMang/heap_4.c 0x00000000   Number         0  heap_4.o ABSOLUTE
    ../Middlewares/Third_Party/FreeRTOS/Source/portable/RVDS/ARM_CM0/port.c 0x00000000   Number         0  port.o ABSOLUTE
    ../Middlewares/Third_Party/FreeRTOS/Source/queue.c 0x00000000   Number         0  queue.o ABSOLUTE
    ../Middlewares/Third_Party/FreeRTOS/Source/tasks.c 0x00000000   Number         0  tasks.o ABSOLUTE
    ../Middlewares/Third_Party/FreeRTOS/Source/timers.c 0x00000000   Number         0  timers.o ABSOLUTE
    ../Src/freertos.c                        0x00000000   Number         0  freertos.o ABSOLUTE
    ../Src/main.c                            0x00000000   Number         0  main.o ABSOLUTE
    ../Src/stm32f0xx_hal_msp.c               0x00000000   Number         0  stm32f0xx_hal_msp.o ABSOLUTE
    ../Src/stm32f0xx_hal_timebase_TIM.c      0x00000000   Number         0  stm32f0xx_hal_timebase_tim.o ABSOLUTE
    ../Src/stm32f0xx_it.c                    0x00000000   Number         0  stm32f0xx_it.o ABSOLUTE
    ../Src/system_stm32f0xx.c                0x00000000   Number         0  system_stm32f0xx.o ABSOLUTE
    ../clib/microlib/division.c              0x00000000   Number         0  uidiv.o ABSOLUTE
    ../clib/microlib/init/entry.s            0x00000000   Number         0  entry2.o ABSOLUTE
    ../clib/microlib/init/entry.s            0x00000000   Number         0  entry11b.o ABSOLUTE
    ../clib/microlib/init/entry.s            0x00000000   Number         0  entry11a.o ABSOLUTE
    ../clib/microlib/init/entry.s            0x00000000   Number         0  entry10b.o ABSOLUTE
    ../clib/microlib/init/entry.s            0x00000000   Number         0  entry5.o ABSOLUTE
    ../clib/microlib/init/entry.s            0x00000000   Number         0  entry10a.o ABSOLUTE
    ../clib/microlib/init/entry.s            0x00000000   Number         0  entry9b.o ABSOLUTE
    ../clib/microlib/init/entry.s            0x00000000   Number         0  entry7a.o ABSOLUTE
    ../clib/microlib/init/entry.s            0x00000000   Number         0  entry9a.o ABSOLUTE
    ../clib/microlib/init/entry.s            0x00000000   Number         0  entry7b.o ABSOLUTE
    ../clib/microlib/init/entry.s            0x00000000   Number         0  entry8b.o ABSOLUTE
    ../clib/microlib/init/entry.s            0x00000000   Number         0  entry.o ABSOLUTE
    ../clib/microlib/init/entry.s            0x00000000   Number         0  entry8a.o ABSOLUTE
    ../clib/microlib/longlong.c              0x00000000   Number         0  llushr.o ABSOLUTE
    ../clib/microlib/string/memcpy.c         0x00000000   Number         0  memcpya.o ABSOLUTE
    ../clib/microlib/string/memcpy.c         0x00000000   Number         0  memcpyb.o ABSOLUTE
    ../clib/microlib/string/memset.c         0x00000000   Number         0  memseta.o ABSOLUTE
    ../clib/microlib/string/strncmp.c        0x00000000   Number         0  strncmp.o ABSOLUTE
    ../clib/microlib/stubs.s                 0x00000000   Number         0  iusefp.o ABSOLUTE
    ../fplib/microlib/fpfix.c                0x00000000   Number         0  dfixui.o ABSOLUTE
    ..\Drivers\STM32F0xx_HAL_Driver\Src\stm32f0xx_hal.c 0x00000000   Number         0  stm32f0xx_hal.o ABSOLUTE
    ..\Drivers\STM32F0xx_HAL_Driver\Src\stm32f0xx_hal_cortex.c 0x00000000   Number         0  stm32f0xx_hal_cortex.o ABSOLUTE
    ..\Drivers\STM32F0xx_HAL_Driver\Src\stm32f0xx_hal_dma.c 0x00000000   Number         0  stm32f0xx_hal_dma.o ABSOLUTE
    ..\Drivers\STM32F0xx_HAL_Driver\Src\stm32f0xx_hal_flash.c 0x00000000   Number         0  stm32f0xx_hal_flash.o ABSOLUTE
    ..\Drivers\STM32F0xx_HAL_Driver\Src\stm32f0xx_hal_flash_ex.c 0x00000000   Number         0  stm32f0xx_hal_flash_ex.o ABSOLUTE
    ..\Drivers\STM32F0xx_HAL_Driver\Src\stm32f0xx_hal_gpio.c 0x00000000   Number         0  stm32f0xx_hal_gpio.o ABSOLUTE
    ..\Drivers\STM32F0xx_HAL_Driver\Src\stm32f0xx_hal_i2c.c 0x00000000   Number         0  stm32f0xx_hal_i2c.o ABSOLUTE
    ..\Drivers\STM32F0xx_HAL_Driver\Src\stm32f0xx_hal_i2c_ex.c 0x00000000   Number         0  stm32f0xx_hal_i2c_ex.o ABSOLUTE
    ..\Drivers\STM32F0xx_HAL_Driver\Src\stm32f0xx_hal_pwr.c 0x00000000   Number         0  stm32f0xx_hal_pwr.o ABSOLUTE
    ..\Drivers\STM32F0xx_HAL_Driver\Src\stm32f0xx_hal_pwr_ex.c 0x00000000   Number         0  stm32f0xx_hal_pwr_ex.o ABSOLUTE
    ..\Drivers\STM32F0xx_HAL_Driver\Src\stm32f0xx_hal_rcc.c 0x00000000   Number         0  stm32f0xx_hal_rcc.o ABSOLUTE
    ..\Drivers\STM32F0xx_HAL_Driver\Src\stm32f0xx_hal_rcc_ex.c 0x00000000   Number         0  stm32f0xx_hal_rcc_ex.o ABSOLUTE
    ..\Drivers\STM32F0xx_HAL_Driver\Src\stm32f0xx_hal_tim.c 0x00000000   Number         0  stm32f0xx_hal_tim.o ABSOLUTE
    ..\Drivers\STM32F0xx_HAL_Driver\Src\stm32f0xx_hal_tim_ex.c 0x00000000   Number         0  stm32f0xx_hal_tim_ex.o ABSOLUTE
    ..\Middlewares\Third_Party\FreeRTOS\Source\CMSIS_RTOS\cmsis_os.c 0x00000000   Number         0  cmsis_os.o ABSOLUTE
    ..\Middlewares\Third_Party\FreeRTOS\Source\croutine.c 0x00000000   Number         0  croutine.o ABSOLUTE
    ..\Middlewares\Third_Party\FreeRTOS\Source\event_groups.c 0x00000000   Number         0  event_groups.o ABSOLUTE
    ..\Middlewares\Third_Party\FreeRTOS\Source\list.c 0x00000000   Number         0  list.o ABSOLUTE
    ..\Middlewares\Third_Party\FreeRTOS\Source\portable\MemMang\heap_4.c 0x00000000   Number         0  heap_4.o ABSOLUTE
    ..\Middlewares\Third_Party\FreeRTOS\Source\portable\RVDS\ARM_CM0\port.c 0x00000000   Number         0  port.o ABSOLUTE
    ..\Middlewares\Third_Party\FreeRTOS\Source\queue.c 0x00000000   Number         0  queue.o ABSOLUTE
    ..\Middlewares\Third_Party\FreeRTOS\Source\tasks.c 0x00000000   Number         0  tasks.o ABSOLUTE
    ..\Middlewares\Third_Party\FreeRTOS\Source\timers.c 0x00000000   Number         0  timers.o ABSOLUTE
    ..\Src\freertos.c                        0x00000000   Number         0  freertos.o ABSOLUTE
    ..\Src\main.c                            0x00000000   Number         0  main.o ABSOLUTE
    ..\Src\stm32f0xx_hal_msp.c               0x00000000   Number         0  stm32f0xx_hal_msp.o ABSOLUTE
    ..\Src\stm32f0xx_hal_timebase_TIM.c      0x00000000   Number         0  stm32f0xx_hal_timebase_tim.o ABSOLUTE
    ..\Src\stm32f0xx_it.c                    0x00000000   Number         0  stm32f0xx_it.o ABSOLUTE
    ..\Src\system_stm32f0xx.c                0x00000000   Number         0  system_stm32f0xx.o ABSOLUTE
    ..\TraceRecorder\trcKernelPort.c         0x00000000   Number         0  trckernelport.o ABSOLUTE
    ..\TraceRecorder\trcSnapshotRecorder.c   0x00000000   Number         0  trcsnapshotrecorder.o ABSOLUTE
    ..\TraceRecorder\trcStreamingRecorder.c  0x00000000   Number         0  trcstreamingrecorder.o ABSOLUTE
    ..\\TraceRecorder\\trcKernelPort.c       0x00000000   Number         0  trckernelport.o ABSOLUTE
    ..\\TraceRecorder\\trcSnapshotRecorder.c 0x00000000   Number         0  trcsnapshotrecorder.o ABSOLUTE
    ..\\TraceRecorder\\trcStreamingRecorder.c 0x00000000   Number         0  trcstreamingrecorder.o ABSOLUTE
    dc.s                                     0x00000000   Number         0  dc.o ABSOLUTE
    handlers.s                               0x00000000   Number         0  handlers.o ABSOLUTE
    init.s                                   0x00000000   Number         0  init.o ABSOLUTE
    startup_stm32f091xc.s                    0x00000000   Number         0  startup_stm32f091xc.o ABSOLUTE
    RESET                                    0x08000000   Section      188  startup_stm32f091xc.o(RESET)
    .ARM.Collect$$$$00000000                 0x080000bc   Section        0  entry.o(.ARM.Collect$$$$00000000)
    .ARM.Collect$$$$00000001                 0x080000bc   Section        4  entry2.o(.ARM.Collect$$$$00000001)
    .ARM.Collect$$$$00000004                 0x080000c0   Section        4  entry5.o(.ARM.Collect$$$$00000004)
    .ARM.Collect$$$$00000008                 0x080000c4   Section        0  entry7b.o(.ARM.Collect$$$$00000008)
    .ARM.Collect$$$$0000000A                 0x080000c4   Section        0  entry8b.o(.ARM.Collect$$$$0000000A)
    .ARM.Collect$$$$0000000B                 0x080000c4   Section        8  entry9a.o(.ARM.Collect$$$$0000000B)
    .ARM.Collect$$$$0000000D                 0x080000cc   Section        0  entry10a.o(.ARM.Collect$$$$0000000D)
    .ARM.Collect$$$$0000000F                 0x080000cc   Section        0  entry11a.o(.ARM.Collect$$$$0000000F)
    .ARM.Collect$$$$00002712                 0x080000cc   Section        4  entry2.o(.ARM.Collect$$$$00002712)
    __lit__00000000                          0x080000cc   Data           4  entry2.o(.ARM.Collect$$$$00002712)
    .emb_text                                0x080000d0   Section      120  port.o(.emb_text)
    .text                                    0x08000148   Section       28  startup_stm32f091xc.o(.text)
    .text                                    0x08000164   Section        0  uidiv.o(.text)
    .text                                    0x08000190   Section        0  memcpya.o(.text)
    .text                                    0x080001b4   Section        0  memseta.o(.text)
    .text                                    0x080001d8   Section        0  strncmp.o(.text)
    .text                                    0x080001f8   Section       36  init.o(.text)
    i.HAL_GPIO_Init                          0x0800021c   Section        0  stm32f0xx_hal_gpio.o(i.HAL_GPIO_Init)
    i.HAL_GPIO_TogglePin                     0x08000374   Section        0  stm32f0xx_hal_gpio.o(i.HAL_GPIO_TogglePin)
    i.HAL_GPIO_WritePin                      0x0800037c   Section        0  stm32f0xx_hal_gpio.o(i.HAL_GPIO_WritePin)
    i.HAL_GetTick                            0x08000388   Section        0  stm32f0xx_hal.o(i.HAL_GetTick)
    i.HAL_IncTick                            0x08000394   Section        0  stm32f0xx_hal.o(i.HAL_IncTick)
    i.HAL_Init                               0x080003a4   Section        0  stm32f0xx_hal.o(i.HAL_Init)
    i.HAL_InitTick                           0x080003c4   Section        0  stm32f0xx_hal_timebase_tim.o(i.HAL_InitTick)
    i.HAL_MspInit                            0x0800043c   Section        0  stm32f0xx_hal_msp.o(i.HAL_MspInit)
    i.HAL_NVIC_EnableIRQ                     0x08000474   Section        0  stm32f0xx_hal_cortex.o(i.HAL_NVIC_EnableIRQ)
    i.HAL_NVIC_SetPriority                   0x08000488   Section        0  stm32f0xx_hal_cortex.o(i.HAL_NVIC_SetPriority)
    i.HAL_RCC_ClockConfig                    0x08000490   Section        0  stm32f0xx_hal_rcc.o(i.HAL_RCC_ClockConfig)
    i.HAL_RCC_GetClockConfig                 0x080005e4   Section        0  stm32f0xx_hal_rcc.o(i.HAL_RCC_GetClockConfig)
    i.HAL_RCC_GetHCLKFreq                    0x0800061c   Section        0  stm32f0xx_hal_rcc.o(i.HAL_RCC_GetHCLKFreq)
    i.HAL_RCC_GetPCLK1Freq                   0x08000628   Section        0  stm32f0xx_hal_rcc.o(i.HAL_RCC_GetPCLK1Freq)
    i.HAL_RCC_GetSysClockFreq                0x08000648   Section        0  stm32f0xx_hal_rcc.o(i.HAL_RCC_GetSysClockFreq)
    i.HAL_RCC_OscConfig                      0x080006d0   Section        0  stm32f0xx_hal_rcc.o(i.HAL_RCC_OscConfig)
    i.HAL_SYSTICK_CLKSourceConfig            0x08000aa8   Section        0  stm32f0xx_hal_cortex.o(i.HAL_SYSTICK_CLKSourceConfig)
    i.HAL_SYSTICK_Config                     0x08000ac0   Section        0  stm32f0xx_hal_cortex.o(i.HAL_SYSTICK_Config)
    i.HAL_TIMEx_BreakCallback                0x08000af0   Section        0  stm32f0xx_hal_tim_ex.o(i.HAL_TIMEx_BreakCallback)
    i.HAL_TIMEx_CommutationCallback          0x08000af2   Section        0  stm32f0xx_hal_tim_ex.o(i.HAL_TIMEx_CommutationCallback)
    i.HAL_TIMEx_MasterConfigSynchronization  0x08000af4   Section        0  stm32f0xx_hal_tim_ex.o(i.HAL_TIMEx_MasterConfigSynchronization)
    i.HAL_TIM_Base_Init                      0x08000b3c   Section        0  stm32f0xx_hal_tim.o(i.HAL_TIM_Base_Init)
    i.HAL_TIM_Base_MspInit                   0x08000b70   Section        0  stm32f0xx_hal_msp.o(i.HAL_TIM_Base_MspInit)
    i.HAL_TIM_Base_Start_IT                  0x08000b94   Section        0  stm32f0xx_hal_tim.o(i.HAL_TIM_Base_Start_IT)
    i.HAL_TIM_ConfigClockSource              0x08000baa   Section        0  stm32f0xx_hal_tim.o(i.HAL_TIM_ConfigClockSource)
    i.HAL_TIM_IC_CaptureCallback             0x08000c98   Section        0  stm32f0xx_hal_tim.o(i.HAL_TIM_IC_CaptureCallback)
    i.HAL_TIM_IRQHandler                     0x08000c9a   Section        0  stm32f0xx_hal_tim.o(i.HAL_TIM_IRQHandler)
    i.HAL_TIM_OC_DelayElapsedCallback        0x08000dfc   Section        0  stm32f0xx_hal_tim.o(i.HAL_TIM_OC_DelayElapsedCallback)
    i.HAL_TIM_PWM_PulseFinishedCallback      0x08000dfe   Section        0  stm32f0xx_hal_tim.o(i.HAL_TIM_PWM_PulseFinishedCallback)
    i.HAL_TIM_PeriodElapsedCallback          0x08000e00   Section        0  main.o(i.HAL_TIM_PeriodElapsedCallback)
    i.HAL_TIM_TriggerCallback                0x08000e14   Section        0  stm32f0xx_hal_tim.o(i.HAL_TIM_TriggerCallback)
    i.Loop1Callback01                        0x08000e16   Section        0  main.o(i.Loop1Callback01)
    i.Loop2Callback01                        0x08000e18   Section        0  main.o(i.Loop2Callback01)
    i.Loop3Callback01                        0x08000e1a   Section        0  main.o(i.Loop3Callback01)
    i.MX_GPIO_Init                           0x08000e1c   Section        0  main.o(i.MX_GPIO_Init)
    MX_GPIO_Init                             0x08000e1d   Thumb Code   132  main.o(i.MX_GPIO_Init)
    i.MX_TIM2_Init                           0x08000eac   Section        0  main.o(i.MX_TIM2_Init)
    MX_TIM2_Init                             0x08000ead   Thumb Code    76  main.o(i.MX_TIM2_Init)
    i.NVIC_SetPriority                       0x08000efc   Section        0  stm32f0xx_hal_cortex.o(i.NVIC_SetPriority)
    NVIC_SetPriority                         0x08000efd   Thumb Code    60  stm32f0xx_hal_cortex.o(i.NVIC_SetPriority)
    i.SVC_Handler                            0x08000f40   Section        0  port.o(i.SVC_Handler)
    i.StartDefaultTask                       0x08000f42   Section        0  main.o(i.StartDefaultTask)
    i.StartLoop2                             0x08000f4c   Section        0  main.o(i.StartLoop2)
    i.StartLoop3                             0x08000f6c   Section        0  main.o(i.StartLoop3)
    i.Startloop1                             0x08000f8c   Section        0  main.o(i.Startloop1)
    i.SysTick_Handler                        0x08000fac   Section        0  stm32f0xx_it.o(i.SysTick_Handler)
    i.SystemClock_Config                     0x08000fb4   Section        0  main.o(i.SystemClock_Config)
    i.SystemInit                             0x08001010   Section        0  system_stm32f0xx.o(i.SystemInit)
    i.TIM1_BRK_UP_TRG_COM_IRQHandler         0x0800106c   Section        0  stm32f0xx_it.o(i.TIM1_BRK_UP_TRG_COM_IRQHandler)
    i.TIM_Base_SetConfig                     0x0800107c   Section        0  stm32f0xx_hal_tim.o(i.TIM_Base_SetConfig)
    i.TIM_ETR_SetConfig                      0x08001110   Section        0  stm32f0xx_hal_tim.o(i.TIM_ETR_SetConfig)
    i.TIM_ITRx_SetConfig                     0x08001126   Section        0  stm32f0xx_hal_tim.o(i.TIM_ITRx_SetConfig)
    TIM_ITRx_SetConfig                       0x08001127   Thumb Code    16  stm32f0xx_hal_tim.o(i.TIM_ITRx_SetConfig)
    i.TIM_TI1_ConfigInputStage               0x08001136   Section        0  stm32f0xx_hal_tim.o(i.TIM_TI1_ConfigInputStage)
    TIM_TI1_ConfigInputStage                 0x08001137   Thumb Code    34  stm32f0xx_hal_tim.o(i.TIM_TI1_ConfigInputStage)
    i.TIM_TI2_ConfigInputStage               0x08001158   Section        0  stm32f0xx_hal_tim.o(i.TIM_TI2_ConfigInputStage)
    TIM_TI2_ConfigInputStage                 0x08001159   Thumb Code    38  stm32f0xx_hal_tim.o(i.TIM_TI2_ConfigInputStage)
    i.__ARM_common_switch8                   0x0800117e   Section        0  stm32f0xx_hal_tim.o(i.__ARM_common_switch8)
    i.__scatterload_copy                     0x08001198   Section       14  handlers.o(i.__scatterload_copy)
    i.__scatterload_null                     0x080011a6   Section        2  handlers.o(i.__scatterload_null)
    i.__scatterload_zeroinit                 0x080011a8   Section       14  handlers.o(i.__scatterload_zeroinit)
    i.main                                   0x080011b8   Section        0  main.o(i.main)
    i.makeFreeRtosPriority                   0x080012c4   Section        0  cmsis_os.o(i.makeFreeRtosPriority)
    makeFreeRtosPriority                     0x080012c5   Thumb Code    12  cmsis_os.o(i.makeFreeRtosPriority)
    i.osDelay                                0x080012d0   Section        0  cmsis_os.o(i.osDelay)
    i.osKernelStart                          0x080012e0   Section        0  cmsis_os.o(i.osKernelStart)
    i.osMessageCreate                        0x080012ea   Section        0  cmsis_os.o(i.osMessageCreate)
    i.osMutexCreate                          0x080012f6   Section        0  cmsis_os.o(i.osMutexCreate)
    i.osSemaphoreCreate                      0x08001300   Section        0  cmsis_os.o(i.osSemaphoreCreate)
    i.osSystickHandler                       0x08001326   Section        0  cmsis_os.o(i.osSystickHandler)
    i.osThreadCreate                         0x08001336   Section        0  cmsis_os.o(i.osThreadCreate)
    i.osTimerCreate                          0x08001364   Section        0  cmsis_os.o(i.osTimerCreate)
    i.prvAddCurrentTaskToDelayedList         0x08001388   Section        0  tasks.o(i.prvAddCurrentTaskToDelayedList)
    prvAddCurrentTaskToDelayedList           0x08001389   Thumb Code    78  tasks.o(i.prvAddCurrentTaskToDelayedList)
    i.prvAddNewTaskToReadyList               0x080013e0   Section        0  tasks.o(i.prvAddNewTaskToReadyList)
    prvAddNewTaskToReadyList                 0x080013e1   Thumb Code   252  tasks.o(i.prvAddNewTaskToReadyList)
    i.prvCheckDataToBeOverwrittenForMultiEntryEvents 0x080014e4   Section        0  trcsnapshotrecorder.o(i.prvCheckDataToBeOverwrittenForMultiEntryEvents)
    prvCheckDataToBeOverwrittenForMultiEntryEvents 0x080014e5   Thumb Code   116  trcsnapshotrecorder.o(i.prvCheckDataToBeOverwrittenForMultiEntryEvents)
    i.prvCheckForValidListAndQueue           0x08001564   Section        0  timers.o(i.prvCheckForValidListAndQueue)
    prvCheckForValidListAndQueue             0x08001565   Thumb Code    64  timers.o(i.prvCheckForValidListAndQueue)
    i.prvCheckTasksWaitingTermination        0x080015b4   Section        0  tasks.o(i.prvCheckTasksWaitingTermination)
    prvCheckTasksWaitingTermination          0x080015b5   Thumb Code    72  tasks.o(i.prvCheckTasksWaitingTermination)
    i.prvCopyDataFromQueue                   0x08001604   Section        0  queue.o(i.prvCopyDataFromQueue)
    prvCopyDataFromQueue                     0x08001605   Thumb Code    38  queue.o(i.prvCopyDataFromQueue)
    i.prvCopyDataToQueue                     0x0800162a   Section        0  queue.o(i.prvCopyDataToQueue)
    prvCopyDataToQueue                       0x0800162b   Thumb Code   112  queue.o(i.prvCopyDataToQueue)
    i.prvDeleteTCB                           0x0800169a   Section        0  tasks.o(i.prvDeleteTCB)
    prvDeleteTCB                             0x0800169b   Thumb Code    18  tasks.o(i.prvDeleteTCB)
    i.prvHeapInit                            0x080016ac   Section        0  heap_4.o(i.prvHeapInit)
    prvHeapInit                              0x080016ad   Thumb Code    60  heap_4.o(i.prvHeapInit)
    i.prvIdleTask                            0x080016f0   Section        0  tasks.o(i.prvIdleTask)
    prvIdleTask                              0x080016f1   Thumb Code    18  tasks.o(i.prvIdleTask)
    i.prvInitialiseNewQueue                  0x08001708   Section        0  queue.o(i.prvInitialiseNewQueue)
    prvInitialiseNewQueue                    0x08001709   Thumb Code   132  queue.o(i.prvInitialiseNewQueue)
    i.prvInitialiseNewTask                   0x08001790   Section        0  tasks.o(i.prvInitialiseNewTask)
    prvInitialiseNewTask                     0x08001791   Thumb Code   136  tasks.o(i.prvInitialiseNewTask)
    i.prvInitialiseNewTimer                  0x08001818   Section        0  timers.o(i.prvInitialiseNewTimer)
    prvInitialiseNewTimer                    0x08001819   Thumb Code    80  timers.o(i.prvInitialiseNewTimer)
    i.prvInsertBlockIntoFreeList             0x08001868   Section        0  heap_4.o(i.prvInsertBlockIntoFreeList)
    prvInsertBlockIntoFreeList               0x08001869   Thumb Code    72  heap_4.o(i.prvInsertBlockIntoFreeList)
    i.prvInsertTimerInActiveList             0x080018b4   Section        0  timers.o(i.prvInsertTimerInActiveList)
    prvInsertTimerInActiveList               0x080018b5   Thumb Code    52  timers.o(i.prvInsertTimerInActiveList)
    i.prvIsQueueEmpty                        0x080018ec   Section        0  queue.o(i.prvIsQueueEmpty)
    prvIsQueueEmpty                          0x080018ed   Thumb Code    28  queue.o(i.prvIsQueueEmpty)
    i.prvMarkObjectAsUsed                    0x08001908   Section        0  trcsnapshotrecorder.o(i.prvMarkObjectAsUsed)
    i.prvProcessReceivedCommands             0x08001928   Section        0  timers.o(i.prvProcessReceivedCommands)
    prvProcessReceivedCommands               0x08001929   Thumb Code   164  timers.o(i.prvProcessReceivedCommands)
    i.prvProcessTimerOrBlockTask             0x080019d0   Section        0  timers.o(i.prvProcessTimerOrBlockTask)
    prvProcessTimerOrBlockTask               0x080019d1   Thumb Code   152  timers.o(i.prvProcessTimerOrBlockTask)
    i.prvResetNextTaskUnblockTime            0x08001a6c   Section        0  tasks.o(i.prvResetNextTaskUnblockTime)
    prvResetNextTaskUnblockTime              0x08001a6d   Thumb Code    28  tasks.o(i.prvResetNextTaskUnblockTime)
    i.prvSampleTimeNow                       0x08001a8c   Section        0  timers.o(i.prvSampleTimeNow)
    prvSampleTimeNow                         0x08001a8d   Thumb Code    36  timers.o(i.prvSampleTimeNow)
    i.prvStrncpy                             0x08001ab4   Section        0  trcsnapshotrecorder.o(i.prvStrncpy)
    prvStrncpy                               0x08001ab5   Thumb Code    24  trcsnapshotrecorder.o(i.prvStrncpy)
    i.prvSwitchTimerLists                    0x08001acc   Section        0  timers.o(i.prvSwitchTimerLists)
    prvSwitchTimerLists                      0x08001acd   Thumb Code    92  timers.o(i.prvSwitchTimerLists)
    i.prvTaskExitError                       0x08001b2c   Section        0  port.o(i.prvTaskExitError)
    prvTaskExitError                         0x08001b2d   Thumb Code    14  port.o(i.prvTaskExitError)
    i.prvTimerTask                           0x08001b40   Section        0  timers.o(i.prvTimerTask)
    prvTimerTask                             0x08001b41   Thumb Code    32  timers.o(i.prvTimerTask)
    i.prvTraceCreateSymbolTableEntry         0x08001b64   Section        0  trcsnapshotrecorder.o(i.prvTraceCreateSymbolTableEntry)
    prvTraceCreateSymbolTableEntry           0x08001b65   Thumb Code   224  trcsnapshotrecorder.o(i.prvTraceCreateSymbolTableEntry)
    i.prvTraceError                          0x08001cc4   Section        0  trcsnapshotrecorder.o(i.prvTraceError)
    i.prvTraceFreeObjectHandle               0x08001cfc   Section        0  trcsnapshotrecorder.o(i.prvTraceFreeObjectHandle)
    i.prvTraceGetChecksum                    0x08001d80   Section        0  trcsnapshotrecorder.o(i.prvTraceGetChecksum)
    prvTraceGetChecksum                      0x08001d81   Thumb Code    58  trcsnapshotrecorder.o(i.prvTraceGetChecksum)
    i.prvTraceGetCurrentTaskHandle           0x08001e54   Section        0  trckernelport.o(i.prvTraceGetCurrentTaskHandle)
    i.prvTraceGetDTS                         0x08001e5c   Section        0  trcsnapshotrecorder.o(i.prvTraceGetDTS)
    prvTraceGetDTS                           0x08001e5d   Thumb Code   198  trcsnapshotrecorder.o(i.prvTraceGetDTS)
    i.prvTraceGetObjectHandle                0x08001f98   Section        0  trcsnapshotrecorder.o(i.prvTraceGetObjectHandle)
    i.prvTraceGetObjectNumber                0x08002060   Section        0  trckernelport.o(i.prvTraceGetObjectNumber)
    i.prvTraceGetObjectState                 0x0800206c   Section        0  trcsnapshotrecorder.o(i.prvTraceGetObjectState)
    prvTraceGetObjectState                   0x0800206d   Thumb Code    62  trcsnapshotrecorder.o(i.prvTraceGetObjectState)
    i.prvTraceGetObjectType                  0x080020f0   Section        0  trckernelport.o(i.prvTraceGetObjectType)
    i.prvTraceGetParam                       0x080020f8   Section        0  trcsnapshotrecorder.o(i.prvTraceGetParam)
    prvTraceGetParam                         0x080020f9   Thumb Code    62  trcsnapshotrecorder.o(i.prvTraceGetParam)
    i.prvTraceGetPriorityProperty            0x08002178   Section        0  trcsnapshotrecorder.o(i.prvTraceGetPriorityProperty)
    i.prvTraceGetTaskNumber                  0x08002200   Section        0  trckernelport.o(i.prvTraceGetTaskNumber)
    i.prvTraceInitTraceData                  0x0800220c   Section        0  trcsnapshotrecorder.o(i.prvTraceInitTraceData)
    prvTraceInitTraceData                    0x0800220d   Thumb Code   230  trcsnapshotrecorder.o(i.prvTraceInitTraceData)
    i.prvTraceLookupSymbolTableEntry         0x08002330   Section        0  trcsnapshotrecorder.o(i.prvTraceLookupSymbolTableEntry)
    prvTraceLookupSymbolTableEntry           0x08002331   Thumb Code   136  trcsnapshotrecorder.o(i.prvTraceLookupSymbolTableEntry)
    i.prvTraceNextFreeEventBufferSlot        0x08002430   Section        0  trcsnapshotrecorder.o(i.prvTraceNextFreeEventBufferSlot)
    prvTraceNextFreeEventBufferSlot          0x08002431   Thumb Code    42  trcsnapshotrecorder.o(i.prvTraceNextFreeEventBufferSlot)
    i.prvTraceOpenSymbol                     0x0800248c   Section        0  trcsnapshotrecorder.o(i.prvTraceOpenSymbol)
    prvTraceOpenSymbol                       0x0800248d   Thumb Code   102  trcsnapshotrecorder.o(i.prvTraceOpenSymbol)
    i.prvTracePortGetTimeStamp               0x08002528   Section        0  trcsnapshotrecorder.o(i.prvTracePortGetTimeStamp)
    i.prvTraceSetObjectName                  0x08002598   Section        0  trcsnapshotrecorder.o(i.prvTraceSetObjectName)
    i.prvTraceSetObjectState                 0x0800268c   Section        0  trcsnapshotrecorder.o(i.prvTraceSetObjectState)
    i.prvTraceSetPriorityProperty            0x08002710   Section        0  trcsnapshotrecorder.o(i.prvTraceSetPriorityProperty)
    i.prvTraceSetTaskInstanceFinished        0x08002798   Section        0  trcsnapshotrecorder.o(i.prvTraceSetTaskInstanceFinished)
    i.prvTraceStoreKernelCall                0x080027cc   Section        0  trcsnapshotrecorder.o(i.prvTraceStoreKernelCall)
    i.prvTraceStoreKernelCallWithNumericParamOnly 0x080028f8   Section        0  trcsnapshotrecorder.o(i.prvTraceStoreKernelCallWithNumericParamOnly)
    i.prvTraceStoreKernelCallWithParam       0x080029d0   Section        0  trcsnapshotrecorder.o(i.prvTraceStoreKernelCallWithParam)
    i.prvTraceStoreObjectNameOnCloseEvent    0x08002b18   Section        0  trcsnapshotrecorder.o(i.prvTraceStoreObjectNameOnCloseEvent)
    i.prvTraceStoreObjectPropertiesOnCloseEvent 0x08002b78   Section        0  trcsnapshotrecorder.o(i.prvTraceStoreObjectPropertiesOnCloseEvent)
    i.prvTraceStoreTaskReady                 0x08002bf4   Section        0  trcsnapshotrecorder.o(i.prvTraceStoreTaskReady)
    i.prvTraceStoreTaskswitch                0x08002cf4   Section        0  trcsnapshotrecorder.o(i.prvTraceStoreTaskswitch)
    i.prvTraceUpdateCounters                 0x08002da8   Section        0  trcsnapshotrecorder.o(i.prvTraceUpdateCounters)
    prvTraceUpdateCounters                   0x08002da9   Thumb Code    48  trcsnapshotrecorder.o(i.prvTraceUpdateCounters)
    i.prvUnlockQueue                         0x08002ddc   Section        0  queue.o(i.prvUnlockQueue)
    prvUnlockQueue                           0x08002ddd   Thumb Code   112  queue.o(i.prvUnlockQueue)
    i.pszTraceGetErrorNotEnoughHandles       0x08002e4c   Section        0  trckernelport.o(i.pszTraceGetErrorNotEnoughHandles)
    i.pvPortMalloc                           0x08002ecc   Section        0  heap_4.o(i.pvPortMalloc)
    i.pvTaskIncrementMutexHeldCount          0x08002f8c   Section        0  tasks.o(i.pvTaskIncrementMutexHeldCount)
    i.pxPortInitialiseStack                  0x08002fa4   Section        0  port.o(i.pxPortInitialiseStack)
    i.ucQueueGetQueueType                    0x08002fc4   Section        0  queue.o(i.ucQueueGetQueueType)
    i.uiIndexOfObject                        0x08002fcc   Section        0  trcsnapshotrecorder.o(i.uiIndexOfObject)
    i.uiTraceIsObjectExcluded                0x0800308c   Section        0  trckernelport.o(i.uiTraceIsObjectExcluded)
    i.uiTraceStart                           0x08003160   Section        0  trcsnapshotrecorder.o(i.uiTraceStart)
    i.uxListRemove                           0x080031ec   Section        0  list.o(i.uxListRemove)
    i.uxQueueGetQueueNumber                  0x08003210   Section        0  queue.o(i.uxQueueGetQueueNumber)
    i.uxTaskGetTaskNumber                    0x08003214   Section        0  tasks.o(i.uxTaskGetTaskNumber)
    i.vListInitialise                        0x0800321c   Section        0  list.o(i.vListInitialise)
    i.vListInitialiseItem                    0x08003232   Section        0  list.o(i.vListInitialiseItem)
    i.vListInsert                            0x08003238   Section        0  list.o(i.vListInsert)
    i.vListInsertEnd                         0x08003268   Section        0  list.o(i.vListInsertEnd)
    i.vPortEnterCritical                     0x08003280   Section        0  port.o(i.vPortEnterCritical)
    i.vPortExitCritical                      0x08003298   Section        0  port.o(i.vPortExitCritical)
    i.vPortFree                              0x080032b4   Section        0  heap_4.o(i.vPortFree)
    i.vPortSetupTimerInterrupt               0x08003300   Section        0  port.o(i.vPortSetupTimerInterrupt)
    i.vPortYield                             0x08003324   Section        0  port.o(i.vPortYield)
    i.vQueueAddToRegistry                    0x0800333c   Section        0  queue.o(i.vQueueAddToRegistry)
    i.vQueueWaitForMessageRestricted         0x08003384   Section        0  queue.o(i.vQueueWaitForMessageRestricted)
    i.vTaskDelay                             0x080033c8   Section        0  tasks.o(i.vTaskDelay)
    i.vTaskMissedYield                       0x08003418   Section        0  tasks.o(i.vTaskMissedYield)
    i.vTaskPlaceOnEventList                  0x08003424   Section        0  tasks.o(i.vTaskPlaceOnEventList)
    i.vTaskPlaceOnEventListRestricted        0x08003448   Section        0  tasks.o(i.vTaskPlaceOnEventListRestricted)
    i.vTaskPriorityInherit                   0x08003498   Section        0  tasks.o(i.vTaskPriorityInherit)
    i.vTaskSetTimeOutState                   0x08003540   Section        0  tasks.o(i.vTaskSetTimeOutState)
    i.vTaskStartScheduler                    0x08003558   Section        0  tasks.o(i.vTaskStartScheduler)
    i.vTaskSuspendAll                        0x080035ac   Section        0  tasks.o(i.vTaskSuspendAll)
    i.vTaskSwitchContext                     0x080035bc   Section        0  tasks.o(i.vTaskSwitchContext)
    i.vTraceEnable                           0x08003620   Section        0  trcsnapshotrecorder.o(i.vTraceEnable)
    i.vTraceInitObjectHandleStack            0x080036bc   Section        0  trckernelport.o(i.vTraceInitObjectHandleStack)
    i.vTraceInitObjectPropertyTable          0x0800370c   Section        0  trckernelport.o(i.vTraceInitObjectPropertyTable)
    i.vTraceStop                             0x08003788   Section        0  trcsnapshotrecorder.o(i.vTraceStop)
    i.vTraceStoreMemMangEvent                0x080037a0   Section        0  trcsnapshotrecorder.o(i.vTraceStoreMemMangEvent)
    i.xPortStartScheduler                    0x08003854   Section        0  port.o(i.xPortStartScheduler)
    i.xPortSysTickHandler                    0x08003884   Section        0  port.o(i.xPortSysTickHandler)
    i.xQueueCreateMutex                      0x080038a8   Section        0  queue.o(i.xQueueCreateMutex)
    i.xQueueGenericCreate                    0x080038cc   Section        0  queue.o(i.xQueueGenericCreate)
    i.xQueueGenericReceive                   0x08003904   Section        0  queue.o(i.xQueueGenericReceive)
    i.xQueueGenericReset                     0x08003b20   Section        0  queue.o(i.xQueueGenericReset)
    i.xQueueGenericSend                      0x08003b8c   Section        0  queue.o(i.xQueueGenericSend)
    i.xQueueGenericSendFromISR               0x08003d48   Section        0  queue.o(i.xQueueGenericSendFromISR)
    i.xTaskCheckForTimeOut                   0x08003e40   Section        0  tasks.o(i.xTaskCheckForTimeOut)
    i.xTaskCreate                            0x08003e94   Section        0  tasks.o(i.xTaskCreate)
    i.xTaskGetCurrentTaskHandle              0x08003ee4   Section        0  tasks.o(i.xTaskGetCurrentTaskHandle)
    i.xTaskGetSchedulerState                 0x08003ef0   Section        0  tasks.o(i.xTaskGetSchedulerState)
    i.xTaskGetTickCount                      0x08003f10   Section        0  tasks.o(i.xTaskGetTickCount)
    i.xTaskIncrementTick                     0x08003f1c   Section        0  tasks.o(i.xTaskIncrementTick)
    i.xTaskPriorityDisinherit                0x08004004   Section        0  tasks.o(i.xTaskPriorityDisinherit)
    i.xTaskRemoveFromEventList               0x080040ac   Section        0  tasks.o(i.xTaskRemoveFromEventList)
    i.xTaskResumeAll                         0x08004118   Section        0  tasks.o(i.xTaskResumeAll)
    i.xTimerCreate                           0x080041d0   Section        0  timers.o(i.xTimerCreate)
    i.xTimerCreateTimerTask                  0x080041fc   Section        0  timers.o(i.xTimerCreateTimerTask)
    i.xTimerGenericCommand                   0x0800423c   Section        0  timers.o(i.xTimerGenericCommand)
    .constdata                               0x08004304   Section       16  system_stm32f0xx.o(.constdata)
    .constdata                               0x08004314   Section        8  system_stm32f0xx.o(.constdata)
    .constdata                               0x0800431c   Section      116  main.o(.constdata)
    .conststring                             0x08004390   Section       48  main.o(.conststring)
    .conststring                             0x080043c0   Section      606  trckernelport.o(.conststring)
    .conststring                             0x08004620   Section     1601  trcsnapshotrecorder.o(.conststring)
    .data                                    0x20000000   Section        4  stm32f0xx_hal.o(.data)
    .data                                    0x20000004   Section        4  system_stm32f0xx.o(.data)
    .data                                    0x20000008   Section       20  timers.o(.data)
    xTimerQueue                              0x20000008   Data           4  timers.o(.data)
    xTimerTaskHandle                         0x2000000c   Data           4  timers.o(.data)
    xLastTime                                0x20000010   Data           4  timers.o(.data)
    pxCurrentTimerList                       0x20000014   Data           4  timers.o(.data)
    pxOverflowTimerList                      0x20000018   Data           4  timers.o(.data)
    .data                                    0x2000001c   Section       60  tasks.o(.data)
    uxDeletedTasksWaitingCleanUp             0x20000020   Data           4  tasks.o(.data)
    uxCurrentNumberOfTasks                   0x20000024   Data           4  tasks.o(.data)
    xTickCount                               0x20000028   Data           4  tasks.o(.data)
    uxTopReadyPriority                       0x2000002c   Data           4  tasks.o(.data)
    xSchedulerRunning                        0x20000030   Data           4  tasks.o(.data)
    uxPendedTicks                            0x20000034   Data           4  tasks.o(.data)
    xYieldPending                            0x20000038   Data           4  tasks.o(.data)
    xNumOfOverflows                          0x2000003c   Data           4  tasks.o(.data)
    uxTaskNumber                             0x20000040   Data           4  tasks.o(.data)
    xNextTaskUnblockTime                     0x20000044   Data           4  tasks.o(.data)
    xIdleTaskHandle                          0x20000048   Data           4  tasks.o(.data)
    uxSchedulerSuspended                     0x2000004c   Data           4  tasks.o(.data)
    pxDelayedTaskList                        0x20000050   Data           4  tasks.o(.data)
    pxOverflowDelayedTaskList                0x20000054   Data           4  tasks.o(.data)
    .data                                    0x20000058   Section        4  port.o(.data)
    uxCriticalNesting                        0x20000058   Data           4  port.o(.data)
    .data                                    0x2000005c   Section       24  heap_4.o(.data)
    pxEnd                                    0x2000005c   Data           4  heap_4.o(.data)
    xFreeBytesRemaining                      0x20000060   Data           4  heap_4.o(.data)
    xMinimumEverFreeBytesRemaining           0x20000064   Data           4  heap_4.o(.data)
    xBlockAllocatedBit                       0x20000068   Data           4  heap_4.o(.data)
    xStart                                   0x2000006c   Data           8  heap_4.o(.data)
    .data                                    0x20000074   Section       64  main.o(.data)
    .data                                    0x200000b4   Section        5  trckernelport.o(.data)
    .data                                    0x200000bc   Section       80  trcsnapshotrecorder.o(.data)
    handle                                   0x200000bf   Data           1  trcsnapshotrecorder.o(.data)
    idx                                      0x200000c0   Data           2  trcsnapshotrecorder.o(.data)
    readyEventsEnabled                       0x200000c8   Data           4  trcsnapshotrecorder.o(.data)
    last_timestamp                           0x200000d4   Data           4  trcsnapshotrecorder.o(.data)
    heapMemUsage                             0x200000e8   Data           4  trcsnapshotrecorder.o(.data)
    indexOfHandle                            0x200000f0   Data           4  trcsnapshotrecorder.o(.data)
    old_timestamp                            0x200000f4   Data           4  trcsnapshotrecorder.o(.data)
    last_hwtc_count                          0x200000f8   Data           4  trcsnapshotrecorder.o(.data)
    last_traceTickCount                      0x200000fc   Data           4  trcsnapshotrecorder.o(.data)
    isrstack                                 0x20000104   Data           8  trcsnapshotrecorder.o(.data)
    .bss                                     0x2000010c   Section       40  timers.o(.bss)
    xActiveTimerList1                        0x2000010c   Data          20  timers.o(.bss)
    xActiveTimerList2                        0x20000120   Data          20  timers.o(.bss)
    .bss                                     0x20000134   Section      200  tasks.o(.bss)
    pxReadyTasksLists                        0x20000134   Data         100  tasks.o(.bss)
    xDelayedTaskList1                        0x20000198   Data          20  tasks.o(.bss)
    xDelayedTaskList2                        0x200001ac   Data          20  tasks.o(.bss)
    xPendingReadyList                        0x200001c0   Data          20  tasks.o(.bss)
    xTasksWaitingTermination                 0x200001d4   Data          20  tasks.o(.bss)
    xSuspendedTaskList                       0x200001e8   Data          20  tasks.o(.bss)
    .bss                                     0x200001fc   Section       64  queue.o(.bss)
    .bss                                     0x2000023c   Section     8192  heap_4.o(.bss)
    ucHeap                                   0x2000023c   Data        8192  heap_4.o(.bss)
    .bss                                     0x2000223c   Section       64  stm32f0xx_hal_timebase_tim.o(.bss)
    .bss                                     0x2000227c   Section       64  main.o(.bss)
    .bss                                     0x200022bc   Section    10380  trcsnapshotrecorder.o(.bss)
    STACK                                    0x20004b48   Section     1024  startup_stm32f091xc.o(STACK)

    Global Symbols

    Symbol Name                              Value     Ov Type        Size  Object(Section)

    BuildAttributes$$THM_ISAv3M$S$PE$A:L22$X:L11$S22$IEEE1$IW$USESV6$~STKCKD$USESV7$~SHL$OSPACE$ROPI$EBA8$MICROLIB$REQ8$PRES8$EABIv2 0x00000000   Number         0  anon$$obj.o ABSOLUTE
    __ARM_use_no_argv                        0x00000000   Number         0  main.o ABSOLUTE
    __cpp_initialize__aeabi_                  - Undefined Weak Reference
    __cxa_finalize                            - Undefined Weak Reference
    __decompress                              - Undefined Weak Reference
    _clock_init                               - Undefined Weak Reference
    _microlib_exit                            - Undefined Weak Reference
    __Vectors_Size                           0x000000bc   Number         0  startup_stm32f091xc.o ABSOLUTE
    __Vectors                                0x08000000   Data           4  startup_stm32f091xc.o(RESET)
    __Vectors_End                            0x080000bc   Data           0  startup_stm32f091xc.o(RESET)
    __main                                   0x080000bd   Thumb Code     0  entry.o(.ARM.Collect$$$$00000000)
    _main_stk                                0x080000bd   Thumb Code     0  entry2.o(.ARM.Collect$$$$00000001)
    _main_scatterload                        0x080000c1   Thumb Code     0  entry5.o(.ARM.Collect$$$$00000004)
    __main_after_scatterload                 0x080000c5   Thumb Code     0  entry5.o(.ARM.Collect$$$$00000004)
    _main_clock                              0x080000c5   Thumb Code     0  entry7b.o(.ARM.Collect$$$$00000008)
    _main_cpp_init                           0x080000c5   Thumb Code     0  entry8b.o(.ARM.Collect$$$$0000000A)
    _main_init                               0x080000c5   Thumb Code     0  entry9a.o(.ARM.Collect$$$$0000000B)
    __rt_final_cpp                           0x080000cd   Thumb Code     0  entry10a.o(.ARM.Collect$$$$0000000D)
    __rt_final_exit                          0x080000cd   Thumb Code     0  entry11a.o(.ARM.Collect$$$$0000000F)
    __asm___6_port_c_39a90d8d__prvPortStartFirstTask 0x080000d1   Thumb Code    36  port.o(.emb_text)
    ulSetInterruptMaskFromISR                0x080000f9   Thumb Code     8  port.o(.emb_text)
    vClearInterruptMaskFromISR               0x08000101   Thumb Code     6  port.o(.emb_text)
    PendSV_Handler                           0x08000107   Thumb Code    62  port.o(.emb_text)
    Reset_Handler                            0x08000149   Thumb Code     8  startup_stm32f091xc.o(.text)
    NMI_Handler                              0x08000151   Thumb Code     2  startup_stm32f091xc.o(.text)
    HardFault_Handler                        0x08000153   Thumb Code     2  startup_stm32f091xc.o(.text)
    ADC1_COMP_IRQHandler                     0x0800015b   Thumb Code     0  startup_stm32f091xc.o(.text)
    CEC_CAN_IRQHandler                       0x0800015b   Thumb Code     0  startup_stm32f091xc.o(.text)
    DMA1_Ch1_IRQHandler                      0x0800015b   Thumb Code     0  startup_stm32f091xc.o(.text)
    DMA1_Ch2_3_DMA2_Ch1_2_IRQHandler         0x0800015b   Thumb Code     0  startup_stm32f091xc.o(.text)
    DMA1_Ch4_7_DMA2_Ch3_5_IRQHandler         0x0800015b   Thumb Code     0  startup_stm32f091xc.o(.text)
    EXTI0_1_IRQHandler                       0x0800015b   Thumb Code     0  startup_stm32f091xc.o(.text)
    EXTI2_3_IRQHandler                       0x0800015b   Thumb Code     0  startup_stm32f091xc.o(.text)
    EXTI4_15_IRQHandler                      0x0800015b   Thumb Code     0  startup_stm32f091xc.o(.text)
    FLASH_IRQHandler                         0x0800015b   Thumb Code     0  startup_stm32f091xc.o(.text)
    I2C1_IRQHandler                          0x0800015b   Thumb Code     0  startup_stm32f091xc.o(.text)
    I2C2_IRQHandler                          0x0800015b   Thumb Code     0  startup_stm32f091xc.o(.text)
    PVD_VDDIO2_IRQHandler                    0x0800015b   Thumb Code     0  startup_stm32f091xc.o(.text)
    RCC_CRS_IRQHandler                       0x0800015b   Thumb Code     0  startup_stm32f091xc.o(.text)
    RTC_IRQHandler                           0x0800015b   Thumb Code     0  startup_stm32f091xc.o(.text)
    SPI1_IRQHandler                          0x0800015b   Thumb Code     0  startup_stm32f091xc.o(.text)
    SPI2_IRQHandler                          0x0800015b   Thumb Code     0  startup_stm32f091xc.o(.text)
    TIM14_IRQHandler                         0x0800015b   Thumb Code     0  startup_stm32f091xc.o(.text)
    TIM15_IRQHandler                         0x0800015b   Thumb Code     0  startup_stm32f091xc.o(.text)
    TIM16_IRQHandler                         0x0800015b   Thumb Code     0  startup_stm32f091xc.o(.text)
    TIM17_IRQHandler                         0x0800015b   Thumb Code     0  startup_stm32f091xc.o(.text)
    TIM1_CC_IRQHandler                       0x0800015b   Thumb Code     0  startup_stm32f091xc.o(.text)
    TIM2_IRQHandler                          0x0800015b   Thumb Code     0  startup_stm32f091xc.o(.text)
    TIM3_IRQHandler                          0x0800015b   Thumb Code     0  startup_stm32f091xc.o(.text)
    TIM6_DAC_IRQHandler                      0x0800015b   Thumb Code     0  startup_stm32f091xc.o(.text)
    TIM7_IRQHandler                          0x0800015b   Thumb Code     0  startup_stm32f091xc.o(.text)
    TSC_IRQHandler                           0x0800015b   Thumb Code     0  startup_stm32f091xc.o(.text)
    USART1_IRQHandler                        0x0800015b   Thumb Code     0  startup_stm32f091xc.o(.text)
    USART2_IRQHandler                        0x0800015b   Thumb Code     0  startup_stm32f091xc.o(.text)
    USART3_8_IRQHandler                      0x0800015b   Thumb Code     0  startup_stm32f091xc.o(.text)
    WWDG_IRQHandler                          0x0800015b   Thumb Code     0  startup_stm32f091xc.o(.text)
    __aeabi_uidiv                            0x08000165   Thumb Code     0  uidiv.o(.text)
    __aeabi_uidivmod                         0x08000165   Thumb Code    44  uidiv.o(.text)
    __aeabi_memcpy                           0x08000191   Thumb Code    36  memcpya.o(.text)
    __aeabi_memcpy4                          0x08000191   Thumb Code     0  memcpya.o(.text)
    __aeabi_memcpy8                          0x08000191   Thumb Code     0  memcpya.o(.text)
    __aeabi_memset                           0x080001b5   Thumb Code    14  memseta.o(.text)
    __aeabi_memset4                          0x080001b5   Thumb Code     0  memseta.o(.text)
    __aeabi_memset8                          0x080001b5   Thumb Code     0  memseta.o(.text)
    __aeabi_memclr                           0x080001c3   Thumb Code     4  memseta.o(.text)
    __aeabi_memclr4                          0x080001c3   Thumb Code     0  memseta.o(.text)
    __aeabi_memclr8                          0x080001c3   Thumb Code     0  memseta.o(.text)
    _memset$wrapper                          0x080001c7   Thumb Code    18  memseta.o(.text)
    strncmp                                  0x080001d9   Thumb Code    30  strncmp.o(.text)
    __scatterload                            0x080001f9   Thumb Code    28  init.o(.text)
    __scatterload_rt2                        0x080001f9   Thumb Code     0  init.o(.text)
    HAL_GPIO_Init                            0x0800021d   Thumb Code   314  stm32f0xx_hal_gpio.o(i.HAL_GPIO_Init)
    HAL_GPIO_TogglePin                       0x08000375   Thumb Code     8  stm32f0xx_hal_gpio.o(i.HAL_GPIO_TogglePin)
    HAL_GPIO_WritePin                        0x0800037d   Thumb Code    12  stm32f0xx_hal_gpio.o(i.HAL_GPIO_WritePin)
    HAL_GetTick                              0x08000389   Thumb Code     6  stm32f0xx_hal.o(i.HAL_GetTick)
    HAL_IncTick                              0x08000395   Thumb Code    10  stm32f0xx_hal.o(i.HAL_IncTick)
    HAL_Init                                 0x080003a5   Thumb Code    26  stm32f0xx_hal.o(i.HAL_Init)
    HAL_InitTick                             0x080003c5   Thumb Code    98  stm32f0xx_hal_timebase_tim.o(i.HAL_InitTick)
    HAL_MspInit                              0x0800043d   Thumb Code    50  stm32f0xx_hal_msp.o(i.HAL_MspInit)
    HAL_NVIC_EnableIRQ                       0x08000475   Thumb Code    14  stm32f0xx_hal_cortex.o(i.HAL_NVIC_EnableIRQ)
    HAL_NVIC_SetPriority                     0x08000489   Thumb Code     8  stm32f0xx_hal_cortex.o(i.HAL_NVIC_SetPriority)
    HAL_RCC_ClockConfig                      0x08000491   Thumb Code   320  stm32f0xx_hal_rcc.o(i.HAL_RCC_ClockConfig)
    HAL_RCC_GetClockConfig                   0x080005e5   Thumb Code    46  stm32f0xx_hal_rcc.o(i.HAL_RCC_GetClockConfig)
    HAL_RCC_GetHCLKFreq                      0x0800061d   Thumb Code     6  stm32f0xx_hal_rcc.o(i.HAL_RCC_GetHCLKFreq)
    HAL_RCC_GetPCLK1Freq                     0x08000629   Thumb Code    20  stm32f0xx_hal_rcc.o(i.HAL_RCC_GetPCLK1Freq)
    HAL_RCC_GetSysClockFreq                  0x08000649   Thumb Code    90  stm32f0xx_hal_rcc.o(i.HAL_RCC_GetSysClockFreq)
    HAL_RCC_OscConfig                        0x080006d1   Thumb Code   966  stm32f0xx_hal_rcc.o(i.HAL_RCC_OscConfig)
    HAL_SYSTICK_CLKSourceConfig              0x08000aa9   Thumb Code    20  stm32f0xx_hal_cortex.o(i.HAL_SYSTICK_CLKSourceConfig)
    HAL_SYSTICK_Config                       0x08000ac1   Thumb Code    38  stm32f0xx_hal_cortex.o(i.HAL_SYSTICK_Config)
    HAL_TIMEx_BreakCallback                  0x08000af1   Thumb Code     2  stm32f0xx_hal_tim_ex.o(i.HAL_TIMEx_BreakCallback)
    HAL_TIMEx_CommutationCallback            0x08000af3   Thumb Code     2  stm32f0xx_hal_tim_ex.o(i.HAL_TIMEx_CommutationCallback)
    HAL_TIMEx_MasterConfigSynchronization    0x08000af5   Thumb Code    72  stm32f0xx_hal_tim_ex.o(i.HAL_TIMEx_MasterConfigSynchronization)
    HAL_TIM_Base_Init                        0x08000b3d   Thumb Code    52  stm32f0xx_hal_tim.o(i.HAL_TIM_Base_Init)
    HAL_TIM_Base_MspInit                     0x08000b71   Thumb Code    30  stm32f0xx_hal_msp.o(i.HAL_TIM_Base_MspInit)
    HAL_TIM_Base_Start_IT                    0x08000b95   Thumb Code    22  stm32f0xx_hal_tim.o(i.HAL_TIM_Base_Start_IT)
    HAL_TIM_ConfigClockSource                0x08000bab   Thumb Code   238  stm32f0xx_hal_tim.o(i.HAL_TIM_ConfigClockSource)
    HAL_TIM_IC_CaptureCallback               0x08000c99   Thumb Code     2  stm32f0xx_hal_tim.o(i.HAL_TIM_IC_CaptureCallback)
    HAL_TIM_IRQHandler                       0x08000c9b   Thumb Code   354  stm32f0xx_hal_tim.o(i.HAL_TIM_IRQHandler)
    HAL_TIM_OC_DelayElapsedCallback          0x08000dfd   Thumb Code     2  stm32f0xx_hal_tim.o(i.HAL_TIM_OC_DelayElapsedCallback)
    HAL_TIM_PWM_PulseFinishedCallback        0x08000dff   Thumb Code     2  stm32f0xx_hal_tim.o(i.HAL_TIM_PWM_PulseFinishedCallback)
    HAL_TIM_PeriodElapsedCallback            0x08000e01   Thumb Code    16  main.o(i.HAL_TIM_PeriodElapsedCallback)
    HAL_TIM_TriggerCallback                  0x08000e15   Thumb Code     2  stm32f0xx_hal_tim.o(i.HAL_TIM_TriggerCallback)
    Loop1Callback01                          0x08000e17   Thumb Code     2  main.o(i.Loop1Callback01)
    Loop2Callback01                          0x08000e19   Thumb Code     2  main.o(i.Loop2Callback01)
    Loop3Callback01                          0x08000e1b   Thumb Code     2  main.o(i.Loop3Callback01)
    SVC_Handler                              0x08000f41   Thumb Code     2  port.o(i.SVC_Handler)
    StartDefaultTask                         0x08000f43   Thumb Code     8  main.o(i.StartDefaultTask)
    StartLoop2                               0x08000f4d   Thumb Code    28  main.o(i.StartLoop2)
    StartLoop3                               0x08000f6d   Thumb Code    28  main.o(i.StartLoop3)
    Startloop1                               0x08000f8d   Thumb Code    28  main.o(i.Startloop1)
    SysTick_Handler                          0x08000fad   Thumb Code     8  stm32f0xx_it.o(i.SysTick_Handler)
    SystemClock_Config                       0x08000fb5   Thumb Code    90  main.o(i.SystemClock_Config)
    SystemInit                               0x08001011   Thumb Code    76  system_stm32f0xx.o(i.SystemInit)
    TIM1_BRK_UP_TRG_COM_IRQHandler           0x0800106d   Thumb Code    10  stm32f0xx_it.o(i.TIM1_BRK_UP_TRG_COM_IRQHandler)
    TIM_Base_SetConfig                       0x0800107d   Thumb Code   124  stm32f0xx_hal_tim.o(i.TIM_Base_SetConfig)
    TIM_ETR_SetConfig                        0x08001111   Thumb Code    22  stm32f0xx_hal_tim.o(i.TIM_ETR_SetConfig)
    __ARM_common_switch8                     0x0800117f   Thumb Code    26  stm32f0xx_hal_tim.o(i.__ARM_common_switch8)
    __scatterload_copy                       0x08001199   Thumb Code    14  handlers.o(i.__scatterload_copy)
    __scatterload_null                       0x080011a7   Thumb Code     2  handlers.o(i.__scatterload_null)
    __scatterload_zeroinit                   0x080011a9   Thumb Code    14  handlers.o(i.__scatterload_zeroinit)
    main                                     0x080011b9   Thumb Code   260  main.o(i.main)
    osDelay                                  0x080012d1   Thumb Code    16  cmsis_os.o(i.osDelay)
    osKernelStart                            0x080012e1   Thumb Code    10  cmsis_os.o(i.osKernelStart)
    osMessageCreate                          0x080012eb   Thumb Code    12  cmsis_os.o(i.osMessageCreate)
    osMutexCreate                            0x080012f7   Thumb Code    10  cmsis_os.o(i.osMutexCreate)
    osSemaphoreCreate                        0x08001301   Thumb Code    38  cmsis_os.o(i.osSemaphoreCreate)
    osSystickHandler                         0x08001327   Thumb Code    16  cmsis_os.o(i.osSystickHandler)
    osThreadCreate                           0x08001337   Thumb Code    46  cmsis_os.o(i.osThreadCreate)
    osTimerCreate                            0x08001365   Thumb Code    30  cmsis_os.o(i.osTimerCreate)
    prvMarkObjectAsUsed                      0x08001909   Thumb Code    26  trcsnapshotrecorder.o(i.prvMarkObjectAsUsed)
    prvTraceError                            0x08001cc5   Thumb Code    48  trcsnapshotrecorder.o(i.prvTraceError)
    prvTraceFreeObjectHandle                 0x08001cfd   Thumb Code    68  trcsnapshotrecorder.o(i.prvTraceFreeObjectHandle)
    prvTraceGetCurrentTaskHandle             0x08001e55   Thumb Code     8  trckernelport.o(i.prvTraceGetCurrentTaskHandle)
    prvTraceGetObjectHandle                  0x08001f99   Thumb Code   188  trcsnapshotrecorder.o(i.prvTraceGetObjectHandle)
    prvTraceGetObjectNumber                  0x08002061   Thumb Code    10  trckernelport.o(i.prvTraceGetObjectNumber)
    prvTraceGetObjectType                    0x080020f1   Thumb Code     8  trckernelport.o(i.prvTraceGetObjectType)
    prvTraceGetPriorityProperty              0x08002179   Thumb Code    62  trcsnapshotrecorder.o(i.prvTraceGetPriorityProperty)
    prvTraceGetTaskNumber                    0x08002201   Thumb Code    10  trckernelport.o(i.prvTraceGetTaskNumber)
    prvTracePortGetTimeStamp                 0x08002529   Thumb Code   102  trcsnapshotrecorder.o(i.prvTracePortGetTimeStamp)
    prvTraceSetObjectName                    0x08002599   Thumb Code    92  trcsnapshotrecorder.o(i.prvTraceSetObjectName)
    prvTraceSetObjectState                   0x0800268d   Thumb Code    62  trcsnapshotrecorder.o(i.prvTraceSetObjectState)
    prvTraceSetPriorityProperty              0x08002711   Thumb Code    62  trcsnapshotrecorder.o(i.prvTraceSetPriorityProperty)
    prvTraceSetTaskInstanceFinished          0x08002799   Thumb Code    44  trcsnapshotrecorder.o(i.prvTraceSetTaskInstanceFinished)
    prvTraceStoreKernelCall                  0x080027cd   Thumb Code   168  trcsnapshotrecorder.o(i.prvTraceStoreKernelCall)
    prvTraceStoreKernelCallWithNumericParamOnly 0x080028f9   Thumb Code   142  trcsnapshotrecorder.o(i.prvTraceStoreKernelCallWithNumericParamOnly)
    prvTraceStoreKernelCallWithParam         0x080029d1   Thumb Code   190  trcsnapshotrecorder.o(i.prvTraceStoreKernelCallWithParam)
    prvTraceStoreObjectNameOnCloseEvent      0x08002b19   Thumb Code    84  trcsnapshotrecorder.o(i.prvTraceStoreObjectNameOnCloseEvent)
    prvTraceStoreObjectPropertiesOnCloseEvent 0x08002b79   Thumb Code   110  trcsnapshotrecorder.o(i.prvTraceStoreObjectPropertiesOnCloseEvent)
    prvTraceStoreTaskReady                   0x08002bf5   Thumb Code   122  trcsnapshotrecorder.o(i.prvTraceStoreTaskReady)
    prvTraceStoreTaskswitch                  0x08002cf5   Thumb Code   164  trcsnapshotrecorder.o(i.prvTraceStoreTaskswitch)
    pszTraceGetErrorNotEnoughHandles         0x08002e4d   Thumb Code    50  trckernelport.o(i.pszTraceGetErrorNotEnoughHandles)
    pvPortMalloc                             0x08002ecd   Thumb Code   186  heap_4.o(i.pvPortMalloc)
    pvTaskIncrementMutexHeldCount            0x08002f8d   Thumb Code    20  tasks.o(i.pvTaskIncrementMutexHeldCount)
    pxPortInitialiseStack                    0x08002fa5   Thumb Code    28  port.o(i.pxPortInitialiseStack)
    ucQueueGetQueueType                      0x08002fc5   Thumb Code     6  queue.o(i.ucQueueGetQueueType)
    uiIndexOfObject                          0x08002fcd   Thumb Code    58  trcsnapshotrecorder.o(i.uiIndexOfObject)
    uiTraceIsObjectExcluded                  0x0800308d   Thumb Code    90  trckernelport.o(i.uiTraceIsObjectExcluded)
    uiTraceStart                             0x08003161   Thumb Code   120  trcsnapshotrecorder.o(i.uiTraceStart)
    uxListRemove                             0x080031ed   Thumb Code    36  list.o(i.uxListRemove)
    uxQueueGetQueueNumber                    0x08003211   Thumb Code     4  queue.o(i.uxQueueGetQueueNumber)
    uxTaskGetTaskNumber                      0x08003215   Thumb Code     8  tasks.o(i.uxTaskGetTaskNumber)
    vListInitialise                          0x0800321d   Thumb Code    22  list.o(i.vListInitialise)
    vListInitialiseItem                      0x08003233   Thumb Code     6  list.o(i.vListInitialiseItem)
    vListInsert                              0x08003239   Thumb Code    48  list.o(i.vListInsert)
    vListInsertEnd                           0x08003269   Thumb Code    24  list.o(i.vListInsertEnd)
    vPortEnterCritical                       0x08003281   Thumb Code    20  port.o(i.vPortEnterCritical)
    vPortExitCritical                        0x08003299   Thumb Code    22  port.o(i.vPortExitCritical)
    vPortFree                                0x080032b5   Thumb Code    72  heap_4.o(i.vPortFree)
    vPortSetupTimerInterrupt                 0x08003301   Thumb Code    26  port.o(i.vPortSetupTimerInterrupt)
    vPortYield                               0x08003325   Thumb Code    18  port.o(i.vPortYield)
    vQueueAddToRegistry                      0x0800333d   Thumb Code    62  queue.o(i.vQueueAddToRegistry)
    vQueueWaitForMessageRestricted           0x08003385   Thumb Code    68  queue.o(i.vQueueWaitForMessageRestricted)
    vTaskDelay                               0x080033c9   Thumb Code    74  tasks.o(i.vTaskDelay)
    vTaskMissedYield                         0x08003419   Thumb Code     8  tasks.o(i.vTaskMissedYield)
    vTaskPlaceOnEventList                    0x08003425   Thumb Code    32  tasks.o(i.vTaskPlaceOnEventList)
    vTaskPlaceOnEventListRestricted          0x08003449   Thumb Code    74  tasks.o(i.vTaskPlaceOnEventListRestricted)
    vTaskPriorityInherit                     0x08003499   Thumb Code   158  tasks.o(i.vTaskPriorityInherit)
    vTaskSetTimeOutState                     0x08003541   Thumb Code    20  tasks.o(i.vTaskSetTimeOutState)
    vTaskStartScheduler                      0x08003559   Thumb Code    66  tasks.o(i.vTaskStartScheduler)
    vTaskSuspendAll                          0x080035ad   Thumb Code    10  tasks.o(i.vTaskSuspendAll)
    vTaskSwitchContext                       0x080035bd   Thumb Code    90  tasks.o(i.vTaskSwitchContext)
    vTraceEnable                             0x08003621   Thumb Code    38  trcsnapshotrecorder.o(i.vTraceEnable)
    vTraceInitObjectHandleStack              0x080036bd   Thumb Code    74  trckernelport.o(i.vTraceInitObjectHandleStack)
    vTraceInitObjectPropertyTable            0x0800370d   Thumb Code   112  trckernelport.o(i.vTraceInitObjectPropertyTable)
    vTraceStop                               0x08003789   Thumb Code    18  trcsnapshotrecorder.o(i.vTraceStop)
    vTraceStoreMemMangEvent                  0x080037a1   Thumb Code   172  trcsnapshotrecorder.o(i.vTraceStoreMemMangEvent)
    xPortStartScheduler                      0x08003855   Thumb Code    40  port.o(i.xPortStartScheduler)
    xPortSysTickHandler                      0x08003885   Thumb Code    32  port.o(i.xPortSysTickHandler)
    xQueueCreateMutex                        0x080038a9   Thumb Code    36  queue.o(i.xQueueCreateMutex)
    xQueueGenericCreate                      0x080038cd   Thumb Code    54  queue.o(i.xQueueGenericCreate)
    xQueueGenericReceive                     0x08003905   Thumb Code   534  queue.o(i.xQueueGenericReceive)
    xQueueGenericReset                       0x08003b21   Thumb Code   108  queue.o(i.xQueueGenericReset)
    xQueueGenericSend                        0x08003b8d   Thumb Code   438  queue.o(i.xQueueGenericSend)
    xQueueGenericSendFromISR                 0x08003d49   Thumb Code   244  queue.o(i.xQueueGenericSendFromISR)
    xTaskCheckForTimeOut                     0x08003e41   Thumb Code    80  tasks.o(i.xTaskCheckForTimeOut)
    xTaskCreate                              0x08003e95   Thumb Code    78  tasks.o(i.xTaskCreate)
    xTaskGetCurrentTaskHandle                0x08003ee5   Thumb Code     6  tasks.o(i.xTaskGetCurrentTaskHandle)
    xTaskGetSchedulerState                   0x08003ef1   Thumb Code    26  tasks.o(i.xTaskGetSchedulerState)
    xTaskGetTickCount                        0x08003f11   Thumb Code     6  tasks.o(i.xTaskGetTickCount)
    xTaskIncrementTick                       0x08003f1d   Thumb Code   218  tasks.o(i.xTaskIncrementTick)
    xTaskPriorityDisinherit                  0x08004005   Thumb Code   158  tasks.o(i.xTaskPriorityDisinherit)
    xTaskRemoveFromEventList                 0x080040ad   Thumb Code   100  tasks.o(i.xTaskRemoveFromEventList)
    xTaskResumeAll                           0x08004119   Thumb Code   174  tasks.o(i.xTaskResumeAll)
    xTimerCreate                             0x080041d1   Thumb Code    42  timers.o(i.xTimerCreate)
    xTimerCreateTimerTask                    0x080041fd   Thumb Code    46  timers.o(i.xTimerCreateTimerTask)
    xTimerGenericCommand                     0x0800423d   Thumb Code   196  timers.o(i.xTimerGenericCommand)
    AHBPrescTable                            0x08004304   Data          16  system_stm32f0xx.o(.constdata)
    APBPrescTable                            0x08004314   Data           8  system_stm32f0xx.o(.constdata)
    Region$$Table$$Base                      0x08004c64   Number         0  anon$$obj.o(Region$$Table)
    Region$$Table$$Limit                     0x08004c84   Number         0  anon$$obj.o(Region$$Table)
    uwTick                                   0x20000000   Data           4  stm32f0xx_hal.o(.data)
    SystemCoreClock                          0x20000004   Data           4  system_stm32f0xx.o(.data)
    pxCurrentTCB                             0x2000001c   Data           4  tasks.o(.data)
    defaultTaskHandle                        0x20000074   Data           4  main.o(.data)
    superloop1Handle                         0x20000078   Data           4  main.o(.data)
    superloop2Handle                         0x2000007c   Data           4  main.o(.data)
    superloop3Handle                         0x20000080   Data           4  main.o(.data)
    Loop1Queue01Handle                       0x20000084   Data           4  main.o(.data)
    Loop2Queue01Handle                       0x20000088   Data           4  main.o(.data)
    Loop3Queue01Handle                       0x2000008c   Data           4  main.o(.data)
    Loop1Timer01Handle                       0x20000090   Data           4  main.o(.data)
    Loop2Timer01Handle                       0x20000094   Data           4  main.o(.data)
    Loop3Timer01Handle                       0x20000098   Data           4  main.o(.data)
    doBlueToothHandle                        0x2000009c   Data           4  main.o(.data)
    doSerialHandle                           0x200000a0   Data           4  main.o(.data)
    haveTempHandle                           0x200000a4   Data           4  main.o(.data)
    x                                        0x200000a8   Data           4  main.o(.data)
    y                                        0x200000ac   Data           4  main.o(.data)
    z                                        0x200000b0   Data           4  main.o(.data)
    TraceObjectClassTable                    0x200000b4   Data           5  trckernelport.o(.data)
    nISRactive                               0x200000bc   Data           1  trcsnapshotrecorder.o(.data)
    handle_of_last_logged_task               0x200000bd   Data           1  trcsnapshotrecorder.o(.data)
    inExcludedTask                           0x200000be   Data           1  trcsnapshotrecorder.o(.data)
    isPendingContextSwitch                   0x200000c4   Data           4  trcsnapshotrecorder.o(.data)
    uiTraceTickCount                         0x200000cc   Data           4  trcsnapshotrecorder.o(.data)
    trace_disable_timestamp                  0x200000d0   Data           4  trcsnapshotrecorder.o(.data)
    recorder_busy                            0x200000d8   Data           4  trcsnapshotrecorder.o(.data)
    timestampFrequency                       0x200000dc   Data           4  trcsnapshotrecorder.o(.data)
    traceErrorMessage                        0x200000e0   Data           4  trcsnapshotrecorder.o(.data)
    vTraceStopHookPtr                        0x200000e4   Data           4  trcsnapshotrecorder.o(.data)
    RecorderDataPtr                          0x200000ec   Data           4  trcsnapshotrecorder.o(.data)
    init_hwtc_count                          0x20000100   Data           4  trcsnapshotrecorder.o(.data)
    xQueueRegistry                           0x200001fc   Data          64  queue.o(.bss)
    htim1                                    0x2000223c   Data          64  stm32f0xx_hal_timebase_tim.o(.bss)
    htim2                                    0x2000227c   Data          64  main.o(.bss)
    trcExcludedObjects                       0x200022bc   Data           9  trcsnapshotrecorder.o(.bss)
    trcExcludedEventCodes                    0x200022c5   Data          33  trcsnapshotrecorder.o(.bss)
    objectHandleStacks                       0x200022e6   Data         116  trcsnapshotrecorder.o(.bss)
    RecorderData                             0x2000235c   Data       10220  trcsnapshotrecorder.o(.bss)
    __initial_sp                             0x20004f48   Data           0  startup_stm32f091xc.o(STACK)



==============================================================================

Memory Map of the image

  Image Entry point : 0x080000bd

  Load Region LR_IROM1 (Base: 0x08000000, Size: 0x00004d90, Max: 0x00040000, ABSOLUTE)

    Execution Region ER_IROM1 (Base: 0x08000000, Size: 0x00004c84, Max: 0x00040000, ABSOLUTE)

    Base Addr    Size         Type   Attr      Idx    E Section Name        Object

    0x08000000   0x000000bc   Data   RO         4439    RESET               startup_stm32f091xc.o
    0x080000bc   0x00000000   Code   RO         4444  * .ARM.Collect$$$$00000000  mc_p.l(entry.o)
    0x080000bc   0x00000004   Code   RO         4461    .ARM.Collect$$$$00000001  mc_p.l(entry2.o)
    0x080000c0   0x00000004   Code   RO         4464    .ARM.Collect$$$$00000004  mc_p.l(entry5.o)
    0x080000c4   0x00000000   Code   RO         4466    .ARM.Collect$$$$00000008  mc_p.l(entry7b.o)
    0x080000c4   0x00000000   Code   RO         4468    .ARM.Collect$$$$0000000A  mc_p.l(entry8b.o)
    0x080000c4   0x00000008   Code   RO         4469    .ARM.Collect$$$$0000000B  mc_p.l(entry9a.o)
    0x080000cc   0x00000000   Code   RO         4471    .ARM.Collect$$$$0000000D  mc_p.l(entry10a.o)
    0x080000cc   0x00000000   Code   RO         4473    .ARM.Collect$$$$0000000F  mc_p.l(entry11a.o)
    0x080000cc   0x00000004   Code   RO         4462    .ARM.Collect$$$$00002712  mc_p.l(entry2.o)
    0x080000d0   0x00000078   Code   RO         3383    .emb_text           port.o
    0x08000148   0x0000001c   Code   RO         4440    .text               startup_stm32f091xc.o
    0x08000164   0x0000002c   Code   RO         4447    .text               mc_p.l(uidiv.o)
    0x08000190   0x00000024   Code   RO         4451    .text               mc_p.l(memcpya.o)
    0x080001b4   0x00000024   Code   RO         4453    .text               mc_p.l(memseta.o)
    0x080001d8   0x0000001e   Code   RO         4455    .text               mc_p.l(strncmp.o)
    0x080001f6   0x00000002   PAD
    0x080001f8   0x00000024   Code   RO         4476    .text               mc_p.l(init.o)
    0x0800021c   0x00000158   Code   RO          348    i.HAL_GPIO_Init     stm32f0xx_hal_gpio.o
    0x08000374   0x00000008   Code   RO          351    i.HAL_GPIO_TogglePin  stm32f0xx_hal_gpio.o
    0x0800037c   0x0000000c   Code   RO          352    i.HAL_GPIO_WritePin  stm32f0xx_hal_gpio.o
    0x08000388   0x0000000c   Code   RO         2221    i.HAL_GetTick       stm32f0xx_hal.o
    0x08000394   0x00000010   Code   RO         2225    i.HAL_IncTick       stm32f0xx_hal.o
    0x080003a4   0x00000020   Code   RO         2226    i.HAL_Init          stm32f0xx_hal.o
    0x080003c4   0x00000078   Code   RO         3751    i.HAL_InitTick      stm32f0xx_hal_timebase_tim.o
    0x0800043c   0x00000038   Code   RO         3833    i.HAL_MspInit       stm32f0xx_hal_msp.o
    0x08000474   0x00000014   Code   RO          527    i.HAL_NVIC_EnableIRQ  stm32f0xx_hal_cortex.o
    0x08000488   0x00000008   Code   RO          531    i.HAL_NVIC_SetPriority  stm32f0xx_hal_cortex.o
    0x08000490   0x00000154   Code   RO         1926    i.HAL_RCC_ClockConfig  stm32f0xx_hal_rcc.o
    0x080005e4   0x00000038   Code   RO         1930    i.HAL_RCC_GetClockConfig  stm32f0xx_hal_rcc.o
    0x0800061c   0x0000000c   Code   RO         1931    i.HAL_RCC_GetHCLKFreq  stm32f0xx_hal_rcc.o
    0x08000628   0x00000020   Code   RO         1933    i.HAL_RCC_GetPCLK1Freq  stm32f0xx_hal_rcc.o
    0x08000648   0x00000088   Code   RO         1934    i.HAL_RCC_GetSysClockFreq  stm32f0xx_hal_rcc.o
    0x080006d0   0x000003d8   Code   RO         1937    i.HAL_RCC_OscConfig  stm32f0xx_hal_rcc.o
    0x08000aa8   0x00000018   Code   RO          533    i.HAL_SYSTICK_CLKSourceConfig  stm32f0xx_hal_cortex.o
    0x08000ac0   0x00000030   Code   RO          535    i.HAL_SYSTICK_Config  stm32f0xx_hal_cortex.o
    0x08000af0   0x00000002   Code   RO         1684    i.HAL_TIMEx_BreakCallback  stm32f0xx_hal_tim_ex.o
    0x08000af2   0x00000002   Code   RO         1685    i.HAL_TIMEx_CommutationCallback  stm32f0xx_hal_tim_ex.o
    0x08000af4   0x00000048   Code   RO         1701    i.HAL_TIMEx_MasterConfigSynchronization  stm32f0xx_hal_tim_ex.o
    0x08000b3c   0x00000034   Code   RO         1045    i.HAL_TIM_Base_Init  stm32f0xx_hal_tim.o
    0x08000b70   0x00000024   Code   RO         3835    i.HAL_TIM_Base_MspInit  stm32f0xx_hal_msp.o
    0x08000b94   0x00000016   Code   RO         1050    i.HAL_TIM_Base_Start_IT  stm32f0xx_hal_tim.o
    0x08000baa   0x000000ee   Code   RO         1054    i.HAL_TIM_ConfigClockSource  stm32f0xx_hal_tim.o
    0x08000c98   0x00000002   Code   RO         1076    i.HAL_TIM_IC_CaptureCallback  stm32f0xx_hal_tim.o
    0x08000c9a   0x00000162   Code   RO         1089    i.HAL_TIM_IRQHandler  stm32f0xx_hal_tim.o
    0x08000dfc   0x00000002   Code   RO         1092    i.HAL_TIM_OC_DelayElapsedCallback  stm32f0xx_hal_tim.o
    0x08000dfe   0x00000002   Code   RO         1119    i.HAL_TIM_PWM_PulseFinishedCallback  stm32f0xx_hal_tim.o
    0x08000e00   0x00000014   Code   RO         3865    i.HAL_TIM_PeriodElapsedCallback  main.o
    0x08000e14   0x00000002   Code   RO         1130    i.HAL_TIM_TriggerCallback  stm32f0xx_hal_tim.o
    0x08000e16   0x00000002   Code   RO         3866    i.Loop1Callback01   main.o
    0x08000e18   0x00000002   Code   RO         3867    i.Loop2Callback01   main.o
    0x08000e1a   0x00000002   Code   RO         3868    i.Loop3Callback01   main.o
    0x08000e1c   0x00000090   Code   RO         3869    i.MX_GPIO_Init      main.o
    0x08000eac   0x00000050   Code   RO         3870    i.MX_TIM2_Init      main.o
    0x08000efc   0x00000044   Code   RO          537    i.NVIC_SetPriority  stm32f0xx_hal_cortex.o
    0x08000f40   0x00000002   Code   RO         3384    i.SVC_Handler       port.o
    0x08000f42   0x00000008   Code   RO         3871    i.StartDefaultTask  main.o
    0x08000f4a   0x00000002   PAD
    0x08000f4c   0x00000020   Code   RO         3872    i.StartLoop2        main.o
    0x08000f6c   0x00000020   Code   RO         3873    i.StartLoop3        main.o
    0x08000f8c   0x00000020   Code   RO         3874    i.Startloop1        main.o
    0x08000fac   0x00000008   Code   RO         3787    i.SysTick_Handler   stm32f0xx_it.o
    0x08000fb4   0x0000005a   Code   RO         3875    i.SystemClock_Config  main.o
    0x0800100e   0x00000002   PAD
    0x08001010   0x0000005c   Code   RO         2350    i.SystemInit        system_stm32f0xx.o
    0x0800106c   0x00000010   Code   RO         3788    i.TIM1_BRK_UP_TRG_COM_IRQHandler  stm32f0xx_it.o
    0x0800107c   0x00000094   Code   RO         1131    i.TIM_Base_SetConfig  stm32f0xx_hal_tim.o
    0x08001110   0x00000016   Code   RO         1138    i.TIM_ETR_SetConfig  stm32f0xx_hal_tim.o
    0x08001126   0x00000010   Code   RO         1139    i.TIM_ITRx_SetConfig  stm32f0xx_hal_tim.o
    0x08001136   0x00000022   Code   RO         1145    i.TIM_TI1_ConfigInputStage  stm32f0xx_hal_tim.o
    0x08001158   0x00000026   Code   RO         1147    i.TIM_TI2_ConfigInputStage  stm32f0xx_hal_tim.o
    0x0800117e   0x0000001a   Code   RO         1676    i.__ARM_common_switch8  stm32f0xx_hal_tim.o
    0x08001198   0x0000000e   Code   RO         4480    i.__scatterload_copy  mc_p.l(handlers.o)
    0x080011a6   0x00000002   Code   RO         4481    i.__scatterload_null  mc_p.l(handlers.o)
    0x080011a8   0x0000000e   Code   RO         4482    i.__scatterload_zeroinit  mc_p.l(handlers.o)
    0x080011b6   0x00000002   PAD
    0x080011b8   0x0000010c   Code   RO         3877    i.main              main.o
    0x080012c4   0x0000000c   Code   RO         3016    i.makeFreeRtosPriority  cmsis_os.o
    0x080012d0   0x00000010   Code   RO         3018    i.osDelay           cmsis_os.o
    0x080012e0   0x0000000a   Code   RO         3021    i.osKernelStart     cmsis_os.o
    0x080012ea   0x0000000c   Code   RO         3030    i.osMessageCreate   cmsis_os.o
    0x080012f6   0x0000000a   Code   RO         3036    i.osMutexCreate     cmsis_os.o
    0x08001300   0x00000026   Code   RO         3047    i.osSemaphoreCreate  cmsis_os.o
    0x08001326   0x00000010   Code   RO         3054    i.osSystickHandler  cmsis_os.o
    0x08001336   0x0000002e   Code   RO         3055    i.osThreadCreate    cmsis_os.o
    0x08001364   0x00000024   Code   RO         3066    i.osTimerCreate     cmsis_os.o
    0x08001388   0x00000058   Code   RO         2682    i.prvAddCurrentTaskToDelayedList  tasks.o
    0x080013e0   0x00000104   Code   RO         2683    i.prvAddNewTaskToReadyList  tasks.o
    0x080014e4   0x00000080   Code   RO         4054    i.prvCheckDataToBeOverwrittenForMultiEntryEvents  trcsnapshotrecorder.o
    0x08001564   0x00000050   Code   RO         2384    i.prvCheckForValidListAndQueue  timers.o
    0x080015b4   0x00000050   Code   RO         2684    i.prvCheckTasksWaitingTermination  tasks.o
    0x08001604   0x00000026   Code   RO         3463    i.prvCopyDataFromQueue  queue.o
    0x0800162a   0x00000070   Code   RO         3464    i.prvCopyDataToQueue  queue.o
    0x0800169a   0x00000012   Code   RO         2685    i.prvDeleteTCB      tasks.o
    0x080016ac   0x00000044   Code   RO         3680    i.prvHeapInit       heap_4.o
    0x080016f0   0x00000018   Code   RO         2686    i.prvIdleTask       tasks.o
    0x08001708   0x00000088   Code   RO         3465    i.prvInitialiseNewQueue  queue.o
    0x08001790   0x00000088   Code   RO         2687    i.prvInitialiseNewTask  tasks.o
    0x08001818   0x00000050   Code   RO         2385    i.prvInitialiseNewTimer  timers.o
    0x08001868   0x0000004c   Code   RO         3681    i.prvInsertBlockIntoFreeList  heap_4.o
    0x080018b4   0x00000038   Code   RO         2386    i.prvInsertTimerInActiveList  timers.o
    0x080018ec   0x0000001c   Code   RO         3466    i.prvIsQueueEmpty   queue.o
    0x08001908   0x00000020   Code   RO         4055    i.prvMarkObjectAsUsed  trcsnapshotrecorder.o
    0x08001928   0x000000a8   Code   RO         2387    i.prvProcessReceivedCommands  timers.o
    0x080019d0   0x0000009c   Code   RO         2388    i.prvProcessTimerOrBlockTask  timers.o
    0x08001a6c   0x00000020   Code   RO         2689    i.prvResetNextTaskUnblockTime  tasks.o
    0x08001a8c   0x00000028   Code   RO         2389    i.prvSampleTimeNow  timers.o
    0x08001ab4   0x00000018   Code   RO         4056    i.prvStrncpy        trcsnapshotrecorder.o
    0x08001acc   0x00000060   Code   RO         2390    i.prvSwitchTimerLists  timers.o
    0x08001b2c   0x00000014   Code   RO         3385    i.prvTaskExitError  port.o
    0x08001b40   0x00000024   Code   RO         2391    i.prvTimerTask      timers.o
    0x08001b64   0x00000160   Code   RO         4057    i.prvTraceCreateSymbolTableEntry  trcsnapshotrecorder.o
    0x08001cc4   0x00000038   Code   RO         4058    i.prvTraceError     trcsnapshotrecorder.o
    0x08001cfc   0x00000084   Code   RO         4059    i.prvTraceFreeObjectHandle  trcsnapshotrecorder.o
    0x08001d80   0x000000d4   Code   RO         4060    i.prvTraceGetChecksum  trcsnapshotrecorder.o
    0x08001e54   0x00000008   Code   RO         3961    i.prvTraceGetCurrentTaskHandle  trckernelport.o
    0x08001e5c   0x0000013c   Code   RO         4061    i.prvTraceGetDTS    trcsnapshotrecorder.o
    0x08001f98   0x000000c8   Code   RO         4062    i.prvTraceGetObjectHandle  trcsnapshotrecorder.o
    0x08002060   0x0000000a   Code   RO         3962    i.prvTraceGetObjectNumber  trckernelport.o
    0x0800206a   0x00000002   PAD
    0x0800206c   0x00000084   Code   RO         4063    i.prvTraceGetObjectState  trcsnapshotrecorder.o
    0x080020f0   0x00000008   Code   RO         3963    i.prvTraceGetObjectType  trckernelport.o
    0x080020f8   0x00000080   Code   RO         4064    i.prvTraceGetParam  trcsnapshotrecorder.o
    0x08002178   0x00000088   Code   RO         4065    i.prvTraceGetPriorityProperty  trcsnapshotrecorder.o
    0x08002200   0x0000000a   Code   RO         3964    i.prvTraceGetTaskNumber  trckernelport.o
    0x0800220a   0x00000002   PAD
    0x0800220c   0x00000124   Code   RO         4066    i.prvTraceInitTraceData  trcsnapshotrecorder.o
    0x08002330   0x00000100   Code   RO         4067    i.prvTraceLookupSymbolTableEntry  trcsnapshotrecorder.o
    0x08002430   0x0000005c   Code   RO         4068    i.prvTraceNextFreeEventBufferSlot  trcsnapshotrecorder.o
    0x0800248c   0x0000009c   Code   RO         4069    i.prvTraceOpenSymbol  trcsnapshotrecorder.o
    0x08002528   0x00000070   Code   RO         4070    i.prvTracePortGetTimeStamp  trcsnapshotrecorder.o
    0x08002598   0x000000f4   Code   RO         4071    i.prvTraceSetObjectName  trcsnapshotrecorder.o
    0x0800268c   0x00000084   Code   RO         4072    i.prvTraceSetObjectState  trcsnapshotrecorder.o
    0x08002710   0x00000088   Code   RO         4073    i.prvTraceSetPriorityProperty  trcsnapshotrecorder.o
    0x08002798   0x00000034   Code   RO         4075    i.prvTraceSetTaskInstanceFinished  trcsnapshotrecorder.o
    0x080027cc   0x0000012c   Code   RO         4076    i.prvTraceStoreKernelCall  trcsnapshotrecorder.o
    0x080028f8   0x000000d8   Code   RO         4077    i.prvTraceStoreKernelCallWithNumericParamOnly  trcsnapshotrecorder.o
    0x080029d0   0x00000148   Code   RO         4078    i.prvTraceStoreKernelCallWithParam  trcsnapshotrecorder.o
    0x08002b18   0x00000060   Code   RO         4080    i.prvTraceStoreObjectNameOnCloseEvent  trcsnapshotrecorder.o
    0x08002b78   0x0000007c   Code   RO         4081    i.prvTraceStoreObjectPropertiesOnCloseEvent  trcsnapshotrecorder.o
    0x08002bf4   0x00000100   Code   RO         4082    i.prvTraceStoreTaskReady  trcsnapshotrecorder.o
    0x08002cf4   0x000000b4   Code   RO         4083    i.prvTraceStoreTaskswitch  trcsnapshotrecorder.o
    0x08002da8   0x00000034   Code   RO         4085    i.prvTraceUpdateCounters  trcsnapshotrecorder.o
    0x08002ddc   0x00000070   Code   RO         3467    i.prvUnlockQueue    queue.o
    0x08002e4c   0x00000080   Code   RO         3966    i.pszTraceGetErrorNotEnoughHandles  trckernelport.o
    0x08002ecc   0x000000c0   Code   RO         3682    i.pvPortMalloc      heap_4.o
    0x08002f8c   0x00000018   Code   RO         2691    i.pvTaskIncrementMutexHeldCount  tasks.o
    0x08002fa4   0x00000020   Code   RO         3386    i.pxPortInitialiseStack  port.o
    0x08002fc4   0x00000006   Code   RO         3468    i.ucQueueGetQueueType  queue.o
    0x08002fca   0x00000002   PAD
    0x08002fcc   0x000000c0   Code   RO         4087    i.uiIndexOfObject   trcsnapshotrecorder.o
    0x0800308c   0x000000d4   Code   RO         3967    i.uiTraceIsObjectExcluded  trckernelport.o
    0x08003160   0x0000008c   Code   RO         4089    i.uiTraceStart      trcsnapshotrecorder.o
    0x080031ec   0x00000024   Code   RO         3636    i.uxListRemove      list.o
    0x08003210   0x00000004   Code   RO         3469    i.uxQueueGetQueueNumber  queue.o
    0x08003214   0x00000008   Code   RO         2695    i.uxTaskGetTaskNumber  tasks.o
    0x0800321c   0x00000016   Code   RO         3637    i.vListInitialise   list.o
    0x08003232   0x00000006   Code   RO         3638    i.vListInitialiseItem  list.o
    0x08003238   0x00000030   Code   RO         3639    i.vListInsert       list.o
    0x08003268   0x00000018   Code   RO         3640    i.vListInsertEnd    list.o
    0x08003280   0x00000018   Code   RO         3388    i.vPortEnterCritical  port.o
    0x08003298   0x0000001c   Code   RO         3389    i.vPortExitCritical  port.o
    0x080032b4   0x0000004c   Code   RO         3683    i.vPortFree         heap_4.o
    0x08003300   0x00000024   Code   RO         3390    i.vPortSetupTimerInterrupt  port.o
    0x08003324   0x00000018   Code   RO         3391    i.vPortYield        port.o
    0x0800333c   0x00000048   Code   RO         3473    i.vQueueAddToRegistry  queue.o
    0x08003384   0x00000044   Code   RO         3477    i.vQueueWaitForMessageRestricted  queue.o
    0x080033c8   0x00000050   Code   RO         2699    i.vTaskDelay        tasks.o
    0x08003418   0x0000000c   Code   RO         2703    i.vTaskMissedYield  tasks.o
    0x08003424   0x00000024   Code   RO         2705    i.vTaskPlaceOnEventList  tasks.o
    0x08003448   0x00000050   Code   RO         2706    i.vTaskPlaceOnEventListRestricted  tasks.o
    0x08003498   0x000000a8   Code   RO         2708    i.vTaskPriorityInherit  tasks.o
    0x08003540   0x00000018   Code   RO         2712    i.vTaskSetTimeOutState  tasks.o
    0x08003558   0x00000054   Code   RO         2713    i.vTaskStartScheduler  tasks.o
    0x080035ac   0x00000010   Code   RO         2715    i.vTaskSuspendAll   tasks.o
    0x080035bc   0x00000064   Code   RO         2716    i.vTaskSwitchContext  tasks.o
    0x08003620   0x0000009c   Code   RO         4092    i.vTraceEnable      trcsnapshotrecorder.o
    0x080036bc   0x00000050   Code   RO         3968    i.vTraceInitObjectHandleStack  trckernelport.o
    0x0800370c   0x0000007c   Code   RO         3969    i.vTraceInitObjectPropertyTable  trckernelport.o
    0x08003788   0x00000018   Code   RO         4101    i.vTraceStop        trcsnapshotrecorder.o
    0x080037a0   0x000000b4   Code   RO         4104    i.vTraceStoreMemMangEvent  trcsnapshotrecorder.o
    0x08003854   0x00000030   Code   RO         3392    i.xPortStartScheduler  port.o
    0x08003884   0x00000024   Code   RO         3393    i.xPortSysTickHandler  port.o
    0x080038a8   0x00000024   Code   RO         3478    i.xQueueCreateMutex  queue.o
    0x080038cc   0x00000036   Code   RO         3479    i.xQueueGenericCreate  queue.o
    0x08003902   0x00000002   PAD
    0x08003904   0x0000021c   Code   RO         3480    i.xQueueGenericReceive  queue.o
    0x08003b20   0x0000006c   Code   RO         3481    i.xQueueGenericReset  queue.o
    0x08003b8c   0x000001bc   Code   RO         3482    i.xQueueGenericSend  queue.o
    0x08003d48   0x000000f8   Code   RO         3483    i.xQueueGenericSendFromISR  queue.o
    0x08003e40   0x00000054   Code   RO         2717    i.xTaskCheckForTimeOut  tasks.o
    0x08003e94   0x0000004e   Code   RO         2718    i.xTaskCreate       tasks.o
    0x08003ee2   0x00000002   PAD
    0x08003ee4   0x0000000c   Code   RO         2721    i.xTaskGetCurrentTaskHandle  tasks.o
    0x08003ef0   0x00000020   Code   RO         2722    i.xTaskGetSchedulerState  tasks.o
    0x08003f10   0x0000000c   Code   RO         2723    i.xTaskGetTickCount  tasks.o
    0x08003f1c   0x000000e8   Code   RO         2725    i.xTaskIncrementTick  tasks.o
    0x08004004   0x000000a8   Code   RO         2728    i.xTaskPriorityDisinherit  tasks.o
    0x080040ac   0x0000006c   Code   RO         2729    i.xTaskRemoveFromEventList  tasks.o
    0x08004118   0x000000b8   Code   RO         2731    i.xTaskResumeAll    tasks.o
    0x080041d0   0x0000002a   Code   RO         2394    i.xTimerCreate      timers.o
    0x080041fa   0x00000002   PAD
    0x080041fc   0x00000040   Code   RO         2395    i.xTimerCreateTimerTask  timers.o
    0x0800423c   0x000000c8   Code   RO         2396    i.xTimerGenericCommand  timers.o
    0x08004304   0x00000010   Data   RO         2351    .constdata          system_stm32f0xx.o
    0x08004314   0x00000008   Data   RO         2352    .constdata          system_stm32f0xx.o
    0x0800431c   0x00000074   Data   RO         3879    .constdata          main.o
    0x08004390   0x00000030   Data   RO         3880    .conststring        main.o
    0x080043c0   0x0000025e   Data   RO         3973    .conststring        trckernelport.o
    0x0800461e   0x00000002   PAD
    0x08004620   0x00000641   Data   RO         4113    .conststring        trcsnapshotrecorder.o
    0x08004c61   0x00000003   PAD
    0x08004c64   0x00000020   Data   RO         4478    Region$$Table       anon$$obj.o


    Execution Region RW_IRAM1 (Base: 0x20000000, Size: 0x00004f48, Max: 0x00008000, ABSOLUTE)

    Base Addr    Size         Type   Attr      Idx    E Section Name        Object

    0x20000000   0x00000004   Data   RW         2232    .data               stm32f0xx_hal.o
    0x20000004   0x00000004   Data   RW         2353    .data               system_stm32f0xx.o
    0x20000008   0x00000014   Data   RW         2402    .data               timers.o
    0x2000001c   0x0000003c   Data   RW         2734    .data               tasks.o
    0x20000058   0x00000004   Data   RW         3394    .data               port.o
    0x2000005c   0x00000018   Data   RW         3688    .data               heap_4.o
    0x20000074   0x00000040   Data   RW         3881    .data               main.o
    0x200000b4   0x00000005   Data   RW         3975    .data               trckernelport.o
    0x200000b9   0x00000003   PAD
    0x200000bc   0x00000050   Data   RW         4114    .data               trcsnapshotrecorder.o
    0x2000010c   0x00000028   Zero   RW         2401    .bss                timers.o
    0x20000134   0x000000c8   Zero   RW         2733    .bss                tasks.o
    0x200001fc   0x00000040   Zero   RW         3489    .bss                queue.o
    0x2000023c   0x00002000   Zero   RW         3687    .bss                heap_4.o
    0x2000223c   0x00000040   Zero   RW         3754    .bss                stm32f0xx_hal_timebase_tim.o
    0x2000227c   0x00000040   Zero   RW         3878    .bss                main.o
    0x200022bc   0x0000288c   Zero   RW         4112    .bss                trcsnapshotrecorder.o
    0x20004b48   0x00000400   Zero   RW         4437    STACK               startup_stm32f091xc.o


==============================================================================

Image component sizes


      Code (inc. data)   RO Data    RW Data    ZI Data      Debug   Object Name

       196          6          0          0          0      12226   cmsis_os.o
       412         22          0         24       8192       4191   heap_4.o
       136          0          0          0          0       3354   list.o
       712         40        164         64         64       8006   main.o
       370         58          0          4          0       7367   port.o
      2006         30          0          0         64      14975   queue.o
        28          8        188          0       1024        596   startup_stm32f091xc.o
        60         18          0          4          0       2464   stm32f0xx_hal.o
       168         28          0          0          0       9475   stm32f0xx_hal_cortex.o
       364         30          0          0          0       2817   stm32f0xx_hal_gpio.o
        92         12          0          0          0       1361   stm32f0xx_hal_msp.o
      1560        112          0          0          0       5778   stm32f0xx_hal_rcc.o
         0          0          0          0          0     480812   stm32f0xx_hal_rcc_ex.o
       958         24          0          0          0       9433   stm32f0xx_hal_tim.o
        76          0          0          0          0       2306   stm32f0xx_hal_tim_ex.o
       120         22          0          0         64       1436   stm32f0xx_hal_timebase_tim.o
        24          6          0          0          0       4387   stm32f0xx_it.o
        92         16         24          4          0       1131   system_stm32f0xx.o
      2180        172          0         60        200      24064   tasks.o
      1018         74          0         20         40      37946   timers.o
       580        238        606          5          0       5479   trckernelport.o
      5564       2132       1601         80      10380      40726   trcsnapshotrecorder.o

    ----------------------------------------------------------------------
     16732       3048       2620        268      20028     680330   Object Totals
         0          0         32          0          0          0   (incl. Generated)
        16          0          5          3          0          0   (incl. Padding)

    ----------------------------------------------------------------------

      Code (inc. data)   RO Data    RW Data    ZI Data      Debug   Library Member Name

         0          0          0          0          0          0   entry.o
         0          0          0          0          0          0   entry10a.o
         0          0          0          0          0          0   entry11a.o
         8          4          0          0          0          0   entry2.o
         4          0          0          0          0          0   entry5.o
         0          0          0          0          0          0   entry7b.o
         0          0          0          0          0          0   entry8b.o
         8          4          0          0          0          0   entry9a.o
        30          0          0          0          0          0   handlers.o
        36          8          0          0          0         68   init.o
        36          0          0          0          0         60   memcpya.o
        36          0          0          0          0        100   memseta.o
        30          0          0          0          0         72   strncmp.o
        44          0          0          0          0         72   uidiv.o

    ----------------------------------------------------------------------
       236         16          0          0          0        372   Library Totals
         4          0          0          0          0          0   (incl. Padding)

    ----------------------------------------------------------------------

      Code (inc. data)   RO Data    RW Data    ZI Data      Debug   Library Name

       232         16          0          0          0        372   mc_p.l

    ----------------------------------------------------------------------
       236         16          0          0          0        372   Library Totals

    ----------------------------------------------------------------------

==============================================================================


      Code (inc. data)   RO Data    RW Data    ZI Data      Debug   

     16968       3064       2620        268      20028     673278   Grand Totals
     16968       3064       2620        268      20028     673278   ELF Image Totals
     16968       3064       2620        268          0          0   ROM Totals

==============================================================================

    Total RO  Size (Code + RO Data)                19588 (  19.13kB)
    Total RW  Size (RW Data + ZI Data)             20296 (  19.82kB)
    Total ROM Size (Code + RO Data + RW Data)      19856 (  19.39kB)

==============================================================================

